******************************************************************************
            TI ARM Clang Linker PC v3.2.2                      
******************************************************************************
>> Linked Thu Aug  1 01:12:09 2024

OUTPUT FILE NAME:   <empty_LP_MSPM0G3507_nortos_ticlang.out>
ENTRY POINT SYMBOL: "_c_int00_noargs"  address: 00006c05


MEMORY CONFIGURATION

         name            origin    length      used     unused   attr    fill
----------------------  --------  ---------  --------  --------  ----  --------
  FLASH                 00000000   00020000  00007df8  00018208  R  X
  SRAM                  20200000   00008000  0000064d  000079b3  RW X
  BCR_CONFIG            41c00000   00000080  00000000  00000080  R   
  BSL_CONFIG            41c00100   00000080  00000000  00000080  R   


SEGMENT ALLOCATION MAP

run origin  load origin   length   init length attrs members
----------  ----------- ---------- ----------- ----- -------
00000000    00000000    00007df8   00007df8    r-x
  00000000    00000000    000000c0   000000c0    r-- .intvecs
  000000c0    000000c0    00006dc0   00006dc0    r-x .text
  00006e80    00006e80    00000ef8   00000ef8    r-- .rodata
  00007d78    00007d78    00000080   00000080    r-- .cinit
20200000    20200000    0000044f   00000000    rw-
  20200000    20200000    0000023e   00000000    rw- .bss
  20200240    20200240    0000020f   00000000    rw- .data
20207e00    20207e00    00000200   00000000    rw-
  20207e00    20207e00    00000200   00000000    rw- .stack


SECTION ALLOCATION MAP

 output                                  attributes/
section   page    origin      length       input sections
--------  ----  ----------  ----------   ----------------
.intvecs   0    00000000    000000c0     
                  00000000    000000c0     startup_mspm0g350x_ticlang.o (.intvecs)

.text      0    000000c0    00006dc0     
                  000000c0    000007a0     IOI2C.o (.text.i2cRead)
                  00000860    00000770     inv_mpu.o (.text.mpu_run_self_test)
                  00000fd0    0000063c     line_following.o (.text.Line_Control)
                  0000160c    000005a0     IOI2C.o (.text.I2C_ReadOneByte)
                  00001bac    000004e8     IOI2C.o (.text.IICwriteBytes)
                  00002094    00000450     IOI2C.o (.text.i2cWrite)
                  000024e4    00000370     libc.a : e_asin.c.obj (.text.asin)
                  00002854    00000348     angle_process.o (.text.Get_Angle)
                  00002b9c    0000032c     inv_mpu.o (.text.get_st_biases)
                  00002ec8    000002f8     libc.a : s_atan.c.obj (.text.atan)
                  000031c0    0000029c     inv_mpu_dmp_motion_driver.o (.text.dmp_enable_feature)
                  0000345c    00000284     libc.a : _printfi.c.obj (.text:__TI_printfi_minimal)
                  000036e0    00000204     MPU6050.o (.text.Read_DMP)
                  000038e4    00000204     inv_mpu.o (.text.mpu_lp_accel_mode)
                  00003ae8    000001b8     inv_mpu_dmp_motion_driver.o (.text.dmp_read_fifo)
                  00003ca0    00000198     libc.a : e_atan2.c.obj (.text.atan2)
                  00003e38    00000192     libclang_rt.builtins.a : adddf3.S.obj (.text.adddf3_subdf3)
                  00003fca    00000002     startup_mspm0g350x_ticlang.o (.text.Default_Handler)
                  00003fcc    00000184     libc.a : e_sqrt.c.obj (.text.sqrt)
                  00004150    00000174     MPU6050.o (.text.DMP_Init)
                  000042c4    00000164     inv_mpu.o (.text.mpu_load_firmware)
                  00004428    0000015c     IOI2C.o (.text.IIC_Wait_Ack)
                  00004584    0000015c     filter.o (.text.Kalman_Filter_x)
                  000046e0    0000015c     filter.o (.text.Kalman_Filter_y)
                  0000483c    00000158     inv_mpu.o (.text.mpu_init)
                  00004994    0000014c     inv_mpu_dmp_motion_driver.o (.text.dmp_set_tap_thresh)
                  00004ae0    00000144     inv_mpu.o (.text.mpu_reset_fifo)
                  00004c24    0000010c     libclang_rt.builtins.a : divdf3.S.obj (.text.__divdf3)
                  00004d30    000000f4     inv_mpu_dmp_motion_driver.o (.text.dmp_set_gyro_bias)
                  00004e24    000000ec     inv_mpu_dmp_motion_driver.o (.text.dmp_set_orientation)
                  00004f10    000000e8     driverlib.a : dl_timer.o (.text.DL_Timer_initTimerMode)
                  00004ff8    000000e4     libclang_rt.builtins.a : muldf3.S.obj (.text.__muldf3)
                  000050dc    000000e4     inv_mpu.o (.text.mpu_set_sample_rate)
                  000051c0    000000e0     inv_mpu.o (.text.mpu_set_bypass)
                  000052a0    000000d8     inv_mpu.o (.text.mpu_set_sensors)
                  00005378    000000d8     libclang_rt.builtins.a : addsf3.S.obj (.text)
                  00005450    000000d0     inv_mpu.o (.text.mpu_set_dmp_state)
                  00005520    000000cc     board.o (.text.puts)
                  000055ec    000000c8     ti_msp_dl_config.o (.text.SYSCFG_DL_GPIO_init)
                  000056b4    000000c4     driverlib.a : dl_timer.o (.text.DL_Timer_initPWMMode)
                  00005778    000000c4     board.o (.text.fputs)
                  0000583c    000000c0     inv_mpu_dmp_motion_driver.o (.text.dmp_set_accel_bias)
                  000058fc    000000a4     inv_mpu.o (.text.mpu_read_fifo_stream)
                  000059a0    000000a2     libclang_rt.builtins.a : udivmoddi4.S.obj (.text)
                  00005a42    00000002                            : aeabi_div0.c.obj (.text.__aeabi_idiv0)
                  00005a44    0000009c     empty.o (.text.main)
                  00005ae0    0000009a     libc.a : memcpy16.S.obj (.text:memcpy)
                  00005b7a    00000002     libclang_rt.builtins.a : aeabi_div0.c.obj (.text.__aeabi_ldiv0)
                  00005b7c    00000094     inv_mpu.o (.text.mpu_configure_fifo)
                  00005c10    00000094     inv_mpu.o (.text.mpu_set_accel_fsr)
                  00005ca4    0000008c     libclang_rt.builtins.a : mulsf3.S.obj (.text.__mulsf3)
                  00005d30    00000088     encoder.o (.text.GROUP1_IRQHandler)
                  00005db8    00000082     libclang_rt.builtins.a : divsf3.S.obj (.text.__divsf3)
                  00005e3a    00000002     libc.a : _lock.c.obj (.text._nop)
                  00005e3c    00000080     driverlib.a : dl_timer.o (.text.DL_TimerA_initPWMMode)
                  00005ebc    0000007c     ti_msp_dl_config.o (.text.SYSCFG_DL_PWM_0_init)
                  00005f38    00000078     libc.a : copy_decompress_lzss.c.obj (.text:decompress:lzss)
                  00005fb0    00000074     libclang_rt.builtins.a : truncdfsf2.S.obj (.text.__truncdfsf2)
                  00006024    00000074     inv_mpu.o (.text.mpu_set_lpf)
                  00006098    00000070     libclang_rt.builtins.a : comparedf2.c.obj (.text.__gedf2)
                  00006108    0000006c     ti_msp_dl_config.o (.text.SYSCFG_DL_UART_0_init)
                  00006174    0000006c     libclang_rt.builtins.a : comparedf2.c.obj (.text.__ledf2)
                  000061e0    00000068     inv_mpu_dmp_motion_driver.o (.text.dmp_set_fifo_rate)
                  00006248    00000064     inv_mpu.o (.text.mpu_write_mem)
                  000062ac    00000062     MPU6050.o (.text.MPU6050_initialize)
                  0000630e    00000002     inv_mpu.o (.text.myget_ms)
                  00006310    00000062     libclang_rt.builtins.a : aeabi_dcmp.S.obj (.text.__aeabi_dcmp)
                  00006372    00000002     --HOLE-- [fill = 0]
                  00006374    00000062                            : aeabi_fcmp.S.obj (.text.__aeabi_fcmp)
                  000063d6    00000062     libc.a : memset16.S.obj (.text:memset)
                  00006438    0000005c     board.o (.text.UART0_IRQHandler)
                  00006494    0000005c     libc.a : printf.c.obj (.text.printf)
                  000064f0    00000058     motor.o (.text.Set_PWM)
                  00006548    00000056     libclang_rt.builtins.a : aeabi_idivmod.S.obj (.text.__aeabi_idivmod)
                  0000659e    00000002     --HOLE-- [fill = 0]
                  000065a0    00000054     inv_mpu.o (.text.mpu_get_gyro_sens)
                  000065f4    00000048     driverlib.a : dl_uart.o (.text.DL_UART_init)
                  0000663c    00000048     ti_msp_dl_config.o (.text.SYSCFG_DL_initPower)
                  00006684    00000046     IOI2C.o (.text.IICwriteBits)
                  000066ca    00000002     --HOLE-- [fill = 0]
                  000066cc    00000044     filter.o (.text.Complementary_Filter_x)
                  00006710    00000044     filter.o (.text.Complementary_Filter_y)
                  00006754    00000040     libclang_rt.builtins.a : aeabi_uidivmod.S.obj (.text.__aeabi_uidivmod)
                  00006794    00000040                            : extendsfdf2.S.obj (.text.__extendsfdf2)
                  000067d4    00000040     board.o (.text.delay_ms)
                  00006814    0000003e     pid.o (.text.Angle_PID)
                  00006852    0000003e     libclang_rt.builtins.a : divmoddi4.c.obj (.text.__divmoddi4)
                  00006890    0000003c     ti_msp_dl_config.o (.text.SYSCFG_DL_SYSCTL_init)
                  000068cc    0000003c     libclang_rt.builtins.a : floatsisf.S.obj (.text.__floatsisf)
                  00006908    0000003c                            : comparesf2.S.obj (.text.__gtsf2)
                  00006944    0000003c     board.o (.text.delay_us)
                  00006980    0000003c     libc.a : autoinit.c.obj (.text:__TI_auto_init_nobinit_nopinit)
                  000069bc    0000003a     libclang_rt.builtins.a : comparesf2.S.obj (.text.__eqsf2)
                  000069f6    00000002     --HOLE-- [fill = 0]
                  000069f8    0000003a                            : muldsi3.S.obj (.text.__muldsi3)
                  00006a32    00000002     --HOLE-- [fill = 0]
                  00006a34    00000038     ti_msp_dl_config.o (.text.SYSCFG_DL_TIMER_0_init)
                  00006a6c    00000038     libclang_rt.builtins.a : fixsfsi.S.obj (.text.__fixsfsi)
                  00006aa4    00000038     inv_mpu.o (.text.mpu_get_accel_sens)
                  00006adc    00000036     IOI2C.o (.text.IICwriteBit)
                  00006b12    00000002     --HOLE-- [fill = 0]
                  00006b14    00000034     ti_msp_dl_config.o (.text.SYSCFG_DL_init)
                  00006b48    00000034     empty.o (.text.TIMA0_IRQHandler)
                  00006b7c    00000034     inv_mpu.o (.text.mpu_get_accel_fsr)
                  00006bb0    0000002c     board.o (.text.fputc)
                  00006bdc    00000028     libclang_rt.builtins.a : floatunsisf.S.obj (.text.__floatunsisf)
                  00006c04    00000028     libc.a : boot_cortex_m.c.obj (.text:_c_int00_noargs)
                  00006c2c    00000024     pid.o (.text.Angle_PID_init)
                  00006c50    00000024     libclang_rt.builtins.a : muldi3.S.obj (.text.__muldi3)
                  00006c74    00000022     libc.a : memccpy.c.obj (.text.memccpy)
                  00006c96    00000002     --HOLE-- [fill = 0]
                  00006c98    00000020     driverlib.a : dl_uart.o (.text.DL_UART_transmitDataBlocking)
                  00006cb8    0000001e     libclang_rt.builtins.a : ashldi3.S.obj (.text.__ashldi3)
                  00006cd6    00000002     --HOLE-- [fill = 0]
                  00006cd8    0000001c     driverlib.a : dl_timer.o (.text.DL_Timer_setCaptCompUpdateMethod)
                  00006cf4    0000001c                 : dl_timer.o (.text.DL_Timer_setClockConfig)
                  00006d10    0000001c     ti_msp_dl_config.o (.text.SYSCFG_DL_SYSTICK_init)
                  00006d2c    0000001c     inv_mpu_dmp_motion_driver.o (.text.dmp_load_motion_driver_firmware)
                  00006d48    00000018     driverlib.a : dl_timer.o (.text.DL_Timer_setCaptureCompareOutCtl)
                  00006d60    00000016     libc.a : copy_zero_init.c.obj (.text:decompress:ZI:__TI_zero_init_nomemset)
                  00006d76    00000002     --HOLE-- [fill = 0]
                  00006d78    00000014     libclang_rt.builtins.a : aeabi_ldivmod.S.obj (.text.__aeabi_ldivmod)
                  00006d8c    00000012     driverlib.a : dl_uart.o (.text.DL_UART_setClockConfig)
                  00006d9e    00000012     libc.a : copy_decompress_none.c.obj (.text:decompress:none)
                  00006db0    00000010     line_following.o (.text.Angle_init)
                  00006dc0    00000010     driverlib.a : dl_timer.o (.text.DL_Timer_setCaptureCompareValue)
                  00006dd0    0000000e     libclang_rt.builtins.a : aeabi_memset.S.obj (.text.__aeabi_memset)
                  00006dde    0000000e     libc.a : _printfi.c.obj (.text.strlen)
                  00006dec    0000000a     driverlib.a : dl_common.o (.text.DL_Common_delayCycles)
                  00006df6    0000000a     libc.a : e_asin.c.obj (.text.OUTLINED_FUNCTION_0)
                  00006e00    00000010     libclang_rt.builtins.a : muldf3.S.obj (.tramp.__aeabi_dmul.1)
                  00006e10    0000000a     libc.a : s_atan.c.obj (.text.OUTLINED_FUNCTION_0)
                  00006e1a    0000000a            : e_asin.c.obj (.text.OUTLINED_FUNCTION_1)
                  00006e24    00000008            : s_atan.c.obj (.text.OUTLINED_FUNCTION_2)
                  00006e2c    00000008            : aeabi_portable.c.obj (.text.__aeabi_errno_addr)
                  00006e34    00000008     libclang_rt.builtins.a : aeabi_memcpy.S.obj (.text.__aeabi_memcpy)
                  00006e3c    00000008     libc.a : printf.c.obj (.text._outc)
                  00006e44    00000008            : printf.c.obj (.text._outs)
                  00006e4c    00000006            : s_atan.c.obj (.text.OUTLINED_FUNCTION_1)
                  00006e52    00000002     --HOLE-- [fill = 0]
                  00006e54    00000010     libclang_rt.builtins.a : adddf3.S.obj (.tramp.__aeabi_dadd.1)
                  00006e64    00000006     libc.a : e_asin.c.obj (.text.OUTLINED_FUNCTION_2)
                  00006e6a    00000004            : e_asin.c.obj (.text.OUTLINED_FUNCTION_3)
                  00006e6e    00000004     startup_mspm0g350x_ticlang.o (.text.Reset_Handler)
                  00006e72    00000004     libc.a : pre_init.c.obj (.text._system_pre_init)
                  00006e76    00000004            : exit.c.obj (.text:abort)
                  00006e7a    00000006     --HOLE-- [fill = 0]

.cinit     0    00007d78    00000080     
                  00007d78    00000055     (.cinit..data.load) [load image, compression = lzss]
                  00007dcd    00000003     --HOLE-- [fill = 0]
                  00007dd0    0000000c     (__TI_handler_table)
                  00007ddc    00000008     (.cinit..bss.load) [load image, compression = zero_init]
                  00007de4    00000010     (__TI_cinit_table)
                  00007df4    00000004     --HOLE-- [fill = 0]

.rodata    0    00006e80    00000ef8     
                  00006e80    00000bf6     inv_mpu_dmp_motion_driver.o (.rodata.dmp_memory)
                  00007a76    0000004d     inv_mpu.o (.rodata.str1.138685725898457695251)
                  00007ac3    00000003     inv_mpu_dmp_motion_driver.o (.rodata..L__const.dmp_set_orientation.accel_axes)
                  00007ac6    00000002     ti_msp_dl_config.o (.rodata.gUART_0ClockConfig)
                  00007ac8    00000040     libc.a : s_atan.c.obj (.rodata.cst32)
                  00007b08    00000031     MPU6050.o (.rodata.str1.10307051655328846921)
                  00007b39    00000003     inv_mpu_dmp_motion_driver.o (.rodata..L__const.dmp_set_orientation.gyro_axes)
                  00007b3c    00000028     inv_mpu.o (.rodata.test)
                  00007b64    00000026     inv_mpu.o (.rodata.str1.26099811135677249451)
                  00007b8a    00000025     MPU6050.o (.rodata.str1.137886095477203017961)
                  00007baf    00000025     MPU6050.o (.rodata.str1.40462945942372187801)
                  00007bd4    00000024     MPU6050.o (.rodata.str1.106808788355910580861)
                  00007bf8    00000024     MPU6050.o (.rodata.str1.40264408628988794871)
                  00007c1c    00000023     MPU6050.o (.rodata.str1.62490154111921412411)
                  00007c3f    00000023     MPU6050.o (.rodata.str1.6802377642823188121)
                  00007c62    00000021     MPU6050.o (.rodata.str1.110531368122377404401)
                  00007c83    00000001     --HOLE-- [fill = 0]
                  00007c84    00000020     inv_mpu.o (.rodata.cst16)
                  00007ca4    00000020     MPU6050.o (.rodata.str1.10862122042513859041)
                  00007cc4    0000001e     inv_mpu.o (.rodata.str1.109339484957480884171)
                  00007ce2    0000001b     inv_mpu.o (.rodata.reg)
                  00007cfd    00000001     --HOLE-- [fill = 0]
                  00007cfe    00000018     inv_mpu.o (.rodata.cst8)
                  00007d16    00000002     --HOLE-- [fill = 0]
                  00007d18    00000014     ti_msp_dl_config.o (.rodata.gTIMER_0TimerConfig)
                  00007d2c    00000011     libc.a : _printfi.c.obj (.rodata.str1.44690500295887128011)
                  00007d3d    0000000e     line_following.o (.rodata.str1.76752067557812762311)
                  00007d4b    00000001     --HOLE-- [fill = 0]
                  00007d4c    0000000c     inv_mpu.o (.rodata.hw)
                  00007d58    0000000a     ti_msp_dl_config.o (.rodata.gUART_0Config)
                  00007d62    00000002     --HOLE-- [fill = 0]
                  00007d64    00000008     ti_msp_dl_config.o (.rodata.gPWM_0Config)
                  00007d6c    00000003     ti_msp_dl_config.o (.rodata.gPWM_0ClockConfig)
                  00007d6f    00000003     ti_msp_dl_config.o (.rodata.gTIMER_0ClockConfig)
                  00007d72    00000006     --HOLE-- [fill = 0]

.init_array 
*          0    00000000    00000000     UNINITIALIZED

.binit     0    00000000    00000000     

.bss       0    20200000    0000023e     UNINITIALIZED
                  20200000    000000bc     (.common:gPWM_0Backup)
                  202000bc    000000bc     (.common:gTIMER_0Backup)
                  20200178    00000024     (.common:Angle_Register_type)
                  2020019c    00000006     (.common:accel)
                  202001a2    00000006     (.common:gyro)
                  202001a8    00000004     filter.o (.bss.Complementary_Filter_x.angle)
                  202001ac    00000004     filter.o (.bss.Complementary_Filter_y.angle)
                  202001b0    00000004     filter.o (.bss.Kalman_Filter_x.Q_bias)
                  202001b4    00000004     filter.o (.bss.Kalman_Filter_x.angle)
                  202001b8    00000004     filter.o (.bss.Kalman_Filter_y.Q_bias)
                  202001bc    00000004     filter.o (.bss.Kalman_Filter_y.angle)
                  202001c0    00000004     (.common:Accel_Angle_x)
                  202001c4    00000004     (.common:Accel_Angle_y)
                  202001c8    00000004     (.common:Accel_X)
                  202001cc    00000004     (.common:Accel_Y)
                  202001d0    00000004     (.common:Accel_Z)
                  202001d4    00000004     (.common:Get_Encoder_countA)
                  202001d8    00000004     (.common:Get_Encoder_countB)
                  202001dc    00000004     (.common:Gyro_X)
                  202001e0    00000004     (.common:Gyro_Y)
                  202001e4    00000004     (.common:Gyro_Z)
                  202001e8    00000004     (.common:Pitch)
                  202001ec    00000004     (.common:Roll)
                  202001f0    00000004     (.common:Yaw)
                  202001f4    00000004     (.common:Yaw_err)
                  202001f8    00000004     (.common:accel_x)
                  202001fc    00000004     (.common:accel_y)
                  20200200    00000004     (.common:accel_z)
                  20200204    00000004     (.common:encoderA_cnt)
                  20200208    00000004     (.common:encoderB_cnt)
                  2020020c    00000004     (.common:gpio_interrup)
                  20200210    00000004     (.common:gyro_x)
                  20200214    00000004     (.common:gyro_y)
                  20200218    00000004     (.common:gyro_z)
                  2020021c    00000004     (.common:line1)
                  20200220    00000004     (.common:line2)
                  20200224    00000004     (.common:line3)
                  20200228    00000004     (.common:line4)
                  2020022c    00000004     (.common:line5)
                  20200230    00000004     (.common:line6)
                  20200234    00000004     (.common:line7)
                  20200238    00000004     (.common:line8)
                  2020023c    00000002     (.common:sensors)

.data      0    20200240    0000020f     UNINITIALIZED
                  20200240    000000f0     libc.a : defs.c.obj (.data._ftable)
                  20200330    00000080     board.o (.data.recv0_buff)
                  202003b0    0000002c     inv_mpu.o (.data.st)
                  202003dc    00000004     angle_process.o (.data.Angle_Pitch)
                  202003e0    00000004     angle_process.o (.data.Angle_Roll)
                  202003e4    00000004     angle_process.o (.data.Angle_Yaw)
                  202003e8    00000004     line_following.o (.data.ENCODER)
                  202003ec    00000004     filter.o (.data.Kalman_Filter_x.PP.0)
                  202003f0    00000004     filter.o (.data.Kalman_Filter_x.PP.1)
                  202003f4    00000004     filter.o (.data.Kalman_Filter_x.PP.2)
                  202003f8    00000004     filter.o (.data.Kalman_Filter_x.PP.3)
                  202003fc    00000004     filter.o (.data.Kalman_Filter_y.PP.0)
                  20200400    00000004     filter.o (.data.Kalman_Filter_y.PP.1)
                  20200404    00000004     filter.o (.data.Kalman_Filter_y.PP.2)
                  20200408    00000004     filter.o (.data.Kalman_Filter_y.PP.3)
                  2020040c    00000004     libc.a : aeabi_portable.c.obj (.data.__aeabi_errno)
                  20200410    00000004            : _lock.c.obj (.data._lock)
                  20200414    00000004            : _lock.c.obj (.data._unlock)
                  20200418    00000004     inv_mpu_dmp_motion_driver.o (.data.dmp.0)
                  2020041c    00000004     inv_mpu_dmp_motion_driver.o (.data.dmp.1)
                  20200420    00000004     filter.o (.data.dt)
                  20200424    00000004     line_following.o (.data.pwma)
                  20200428    00000004     line_following.o (.data.pwmb)
                  2020042c    00000004     MPU6050.o (.data.q0)
                  20200430    00000004     MPU6050.o (.data.q1)
                  20200434    00000004     MPU6050.o (.data.q2)
                  20200438    00000004     MPU6050.o (.data.q3)
                  2020043c    00000004     line_following.o (.data.temp)
                  20200440    00000002     line_following.o (.data.Derection_Go.temp)
                  20200442    00000002     board.o (.data.recv0_length)
                  20200444    00000002     inv_mpu_dmp_motion_driver.o (.data.dmp.2)
                  20200446    00000001     angle_process.o (.data.Way_Angle)
                  20200447    00000001     line_following.o (.data.abcd)
                  20200448    00000002     inv_mpu_dmp_motion_driver.o (.data.dmp.3)
                  2020044a    00000001     inv_mpu_dmp_motion_driver.o (.data.dmp.5)
                  2020044b    00000001     line_following.o (.data.go_flag)
                  2020044c    00000002     inv_mpu_dmp_motion_driver.o (.data.dmp.4)
                  2020044e    00000001     board.o (.data.recv0_flag)

.stack     0    20207e00    00000200     UNINITIALIZED
                  20207e00    00000004     libc.a : boot_cortex_m.c.obj (.stack)
                  20207e04    000001fc     --HOLE--

__llvm_prf_cnts 
*          0    20200000    00000000     UNINITIALIZED

__llvm_prf_bits 
*          0    20200000    00000000     UNINITIALIZED

MODULE SUMMARY

       Module                         code    ro data   rw data
       ------                         ----    -------   -------
    .\
       ti_msp_dl_config.o             700     46        376    
       empty.o                        208     0         56     
       startup_mspm0g350x_ticlang.o   6       192       0      
    +--+------------------------------+-------+---------+---------+
       Total:                         914     238       432    
                                                               
    .\Hardware\
       inv_mpu.o                      6002    280       44     
       IOI2C.o                        6224    0         0      
       inv_mpu_dmp_motion_driver.o    2244    3068      15     
       line_following.o               1612    14        52     
       MPU6050.o                      986     330       42     
       angle_process.o                840     0         69     
       filter.o                       832     0         60     
       board.o                        660     0         131    
       encoder.o                      136     0         4      
       pid.o                          98      0         0      
       motor.o                        88      0         0      
    +--+------------------------------+-------+---------+---------+
       Total:                         19722   3692      417    
                                                               
    D:/TI_MSP/mspm0_sdk_2_01_00_03/source/ti/driverlib/lib/ticlang/m0p/mspm0g1x0x_g3x0x/driverlib.a
       dl_timer.o                     652     0         0      
       dl_uart.o                      122     0         0      
       dl_common.o                    10      0         0      
    +--+------------------------------+-------+---------+---------+
       Total:                         784     0         0      
                                                               
    D:\TI_MSP\ti\ccs\tools\compiler\ti-cgt-armllvm_3.2.2.LTS\lib\armv6m-ti-none-eabi/c/libc.a
       e_asin.c.obj                   910     0         0      
       s_atan.c.obj                   784     64        0      
       _printfi.c.obj                 658     17        0      
       e_atan2.c.obj                  408     0         0      
       e_sqrt.c.obj                   388     0         0      
       defs.c.obj                     0       0         240    
       memcpy16.S.obj                 154     0         0      
       copy_decompress_lzss.c.obj     120     0         0      
       printf.c.obj                   108     0         0      
       memset16.S.obj                 98      0         0      
       autoinit.c.obj                 60      0         0      
       boot_cortex_m.c.obj            40      0         0      
       memccpy.c.obj                  34      0         0      
       copy_zero_init.c.obj           22      0         0      
       copy_decompress_none.c.obj     18      0         0      
       aeabi_portable.c.obj           8       0         4      
       _lock.c.obj                    2       0         8      
       exit.c.obj                     4       0         0      
       pre_init.c.obj                 4       0         0      
    +--+------------------------------+-------+---------+---------+
       Total:                         3820    81        252    
                                                               
    D:\TI_MSP\ti\ccs\tools\compiler\ti-cgt-armllvm_3.2.2.LTS\lib\clang/15.0.7/lib/armv6m-ti-none-eabi/libclang_rt.builtins.a
       adddf3.S.obj                   418     0         0      
       divdf3.S.obj                   268     0         0      
       muldf3.S.obj                   244     0         0      
       comparedf2.c.obj               220     0         0      
       addsf3.S.obj                   216     0         0      
       udivmoddi4.S.obj               162     0         0      
       mulsf3.S.obj                   140     0         0      
       divsf3.S.obj                   130     0         0      
       comparesf2.S.obj               118     0         0      
       truncdfsf2.S.obj               116     0         0      
       aeabi_dcmp.S.obj               98      0         0      
       aeabi_fcmp.S.obj               98      0         0      
       aeabi_idivmod.S.obj            86      0         0      
       aeabi_uidivmod.S.obj           64      0         0      
       extendsfdf2.S.obj              64      0         0      
       divmoddi4.c.obj                62      0         0      
       floatsisf.S.obj                60      0         0      
       muldsi3.S.obj                  58      0         0      
       fixsfsi.S.obj                  56      0         0      
       floatunsisf.S.obj              40      0         0      
       muldi3.S.obj                   36      0         0      
       ashldi3.S.obj                  30      0         0      
       aeabi_ldivmod.S.obj            20      0         0      
       aeabi_memset.S.obj             14      0         0      
       aeabi_memcpy.S.obj             8       0         0      
       aeabi_div0.c.obj               4       0         0      
    +--+------------------------------+-------+---------+---------+
       Total:                         2830    0         0      
                                                               
       Stack:                         0       0         512    
       Linker Generated:              0       121       0      
    +--+------------------------------+-------+---------+---------+
       Grand Total:                   28070   4132      1613   


LINKER GENERATED COPY TABLES

__TI_cinit_table @ 00007de4 records: 2, size/record: 8, table size: 16
	.data: load addr=00007d78, load size=00000055 bytes, run addr=20200240, run size=0000020f bytes, compression=lzss
	.bss: load addr=00007ddc, load size=00000008 bytes, run addr=20200000, run size=0000023e bytes, compression=zero_init


LINKER GENERATED HANDLER TABLE

__TI_handler_table @ 00007dd0 records: 3, size/record: 4, table size: 12
	index: 0, handler: __TI_decompress_lzss
	index: 1, handler: __TI_decompress_none
	index: 2, handler: __TI_zero_init


FAR CALL TRAMPOLINES

callee name               trampoline name
   callee addr  tramp addr   call addr  call info
--------------  -----------  ---------  ----------------
__aeabi_dmul              $Tramp$TT$L$PI$$__aeabi_dmul
   00004ff9     00006e00     00006dfe   libc.a : e_asin.c.obj (.text.OUTLINED_FUNCTION_0)
                             00006e18          : s_atan.c.obj (.text.OUTLINED_FUNCTION_0)
                             00006e22          : e_asin.c.obj (.text.OUTLINED_FUNCTION_1)
                             00006e2a          : s_atan.c.obj (.text.OUTLINED_FUNCTION_2)
                             00006e68          : e_asin.c.obj (.text.OUTLINED_FUNCTION_2)
__aeabi_dadd              $Tramp$TT$L$PI$$__aeabi_dadd
   00003e43     00006e54     00006e50   libc.a : s_atan.c.obj (.text.OUTLINED_FUNCTION_1)
                             00006e6c          : e_asin.c.obj (.text.OUTLINED_FUNCTION_3)

[2 trampolines]
[7 trampoline calls]


GLOBAL SYMBOLS: SORTED ALPHABETICALLY BY Name 

address   name                            
-------   ----                            
00003fcb  ADC0_IRQHandler                 
00003fcb  ADC1_IRQHandler                 
00003fcb  AES_IRQHandler                  
202001c0  Accel_Angle_x                   
202001c4  Accel_Angle_y                   
202001c8  Accel_X                         
202001cc  Accel_Y                         
202001d0  Accel_Z                         
00006815  Angle_PID                       
00006c2d  Angle_PID_init                  
202003dc  Angle_Pitch                     
20200178  Angle_Register_type             
202003e0  Angle_Roll                      
202003e4  Angle_Yaw                       
00006db1  Angle_init                      
00006e76  C$$EXIT                         
00003fcb  CANFD0_IRQHandler               
000066cd  Complementary_Filter_x          
00006711  Complementary_Filter_y          
00003fcb  DAC0_IRQHandler                 
00006ded  DL_Common_delayCycles           
00005e3d  DL_TimerA_initPWMMode           
000056b5  DL_Timer_initPWMMode            
00004f11  DL_Timer_initTimerMode          
00006cd9  DL_Timer_setCaptCompUpdateMethod
00006d49  DL_Timer_setCaptureCompareOutCtl
00006dc1  DL_Timer_setCaptureCompareValue 
00006cf5  DL_Timer_setClockConfig         
000065f5  DL_UART_init                    
00006d8d  DL_UART_setClockConfig          
00006c99  DL_UART_transmitDataBlocking    
00003fcb  DMA_IRQHandler                  
00004151  DMP_Init                        
00003fcb  Default_Handler                 
202003e8  ENCODER                         
00003fcb  GROUP0_IRQHandler               
00005d31  GROUP1_IRQHandler               
00002855  Get_Angle                       
202001d4  Get_Encoder_countA              
202001d8  Get_Encoder_countB              
202001dc  Gyro_X                          
202001e0  Gyro_Y                          
202001e4  Gyro_Z                          
00003fcb  HardFault_Handler               
00003fcb  I2C0_IRQHandler                 
00003fcb  I2C1_IRQHandler                 
0000160d  I2C_ReadOneByte                 
00004429  IIC_Wait_Ack                    
00006add  IICwriteBit                     
00006685  IICwriteBits                    
00001bad  IICwriteBytes                   
00004585  Kalman_Filter_x                 
000046e1  Kalman_Filter_y                 
00000fd1  Line_Control                    
000062ad  MPU6050_initialize              
00003fcb  NMI_Handler                     
00003fcb  PendSV_Handler                  
202001e8  Pitch                           
00003fcb  RTC_IRQHandler                  
000036e1  Read_DMP                        
00006e6f  Reset_Handler                   
202001ec  Roll                            
00003fcb  SPI0_IRQHandler                 
00003fcb  SPI1_IRQHandler                 
00003fcb  SVC_Handler                     
000055ed  SYSCFG_DL_GPIO_init             
00005ebd  SYSCFG_DL_PWM_0_init            
00006891  SYSCFG_DL_SYSCTL_init           
00006d11  SYSCFG_DL_SYSTICK_init          
00006a35  SYSCFG_DL_TIMER_0_init          
00006109  SYSCFG_DL_UART_0_init           
00006b15  SYSCFG_DL_init                  
0000663d  SYSCFG_DL_initPower             
000064f1  Set_PWM                         
00003fcb  SysTick_Handler                 
00006b49  TIMA0_IRQHandler                
00003fcb  TIMA1_IRQHandler                
00003fcb  TIMG0_IRQHandler                
00003fcb  TIMG12_IRQHandler               
00003fcb  TIMG6_IRQHandler                
00003fcb  TIMG7_IRQHandler                
00003fcb  TIMG8_IRQHandler                
00006439  UART0_IRQHandler                
00003fcb  UART1_IRQHandler                
00003fcb  UART2_IRQHandler                
00003fcb  UART3_IRQHandler                
20200446  Way_Angle                       
202001f0  Yaw                             
202001f4  Yaw_err                         
20208000  __STACK_END                     
00000200  __STACK_SIZE                    
00000000  __TI_ATRegion0_region_sz        
00000000  __TI_ATRegion0_src_addr         
00000000  __TI_ATRegion0_trg_addr         
00000000  __TI_ATRegion1_region_sz        
00000000  __TI_ATRegion1_src_addr         
00000000  __TI_ATRegion1_trg_addr         
00000000  __TI_ATRegion2_region_sz        
00000000  __TI_ATRegion2_src_addr         
00000000  __TI_ATRegion2_trg_addr         
00007de4  __TI_CINIT_Base                 
00007df4  __TI_CINIT_Limit                
00007df4  __TI_CINIT_Warm                 
00007dd0  __TI_Handler_Table_Base         
00007ddc  __TI_Handler_Table_Limit        
00006981  __TI_auto_init_nobinit_nopinit  
00005f39  __TI_decompress_lzss            
00006d9f  __TI_decompress_none            
ffffffff  __TI_pprof_out_hndl             
0000345d  __TI_printfi_minimal            
ffffffff  __TI_prof_data_size             
ffffffff  __TI_prof_data_start            
00000000  __TI_static_base__              
00006d61  __TI_zero_init_nomemset         
00003e43  __adddf3                        
00005383  __addsf3                        
00005fb1  __aeabi_d2f                     
00003e43  __aeabi_dadd                    
00006311  __aeabi_dcmpeq                  
0000634d  __aeabi_dcmpge                  
00006361  __aeabi_dcmpgt                  
00006339  __aeabi_dcmple                  
00006325  __aeabi_dcmplt                  
00004c25  __aeabi_ddiv                    
00004ff9  __aeabi_dmul                    
00003e39  __aeabi_dsub                    
2020040c  __aeabi_errno                   
00006e2d  __aeabi_errno_addr              
00006795  __aeabi_f2d                     
00006a6d  __aeabi_f2iz                    
00005383  __aeabi_fadd                    
00006375  __aeabi_fcmpeq                  
000063b1  __aeabi_fcmpge                  
000063c5  __aeabi_fcmpgt                  
0000639d  __aeabi_fcmple                  
00006389  __aeabi_fcmplt                  
00005db9  __aeabi_fdiv                    
00005ca5  __aeabi_fmul                    
00005379  __aeabi_fsub                    
000068cd  __aeabi_i2f                     
00006549  __aeabi_idiv                    
00005a43  __aeabi_idiv0                   
00006549  __aeabi_idivmod                 
00005b7b  __aeabi_ldiv0                   
00006d79  __aeabi_ldivmod                 
00006cb9  __aeabi_llsl                    
00006c51  __aeabi_lmul                    
00006e35  __aeabi_memcpy                  
00006e35  __aeabi_memcpy4                 
00006e35  __aeabi_memcpy8                 
00006dd1  __aeabi_memset                  
00006dd1  __aeabi_memset4                 
00006dd1  __aeabi_memset8                 
00006bdd  __aeabi_ui2f                    
00006755  __aeabi_uidiv                   
00006755  __aeabi_uidivmod                
00006cb9  __ashldi3                       
ffffffff  __binit__                       
00006175  __cmpdf2                        
000069bd  __cmpsf2                        
00004c25  __divdf3                        
00006853  __divmoddi4                     
00005db9  __divsf3                        
00006175  __eqdf2                         
000069bd  __eqsf2                         
00006795  __extendsfdf2                   
00006a6d  __fixsfsi                       
000068cd  __floatsisf                     
00006bdd  __floatunsisf                   
00006099  __gedf2                         
00006909  __gesf2                         
00006099  __gtdf2                         
00006909  __gtsf2                         
00006175  __ledf2                         
000069bd  __lesf2                         
00006175  __ltdf2                         
000069bd  __ltsf2                         
UNDEFED   __mpu_init                      
00004ff9  __muldf3                        
00006c51  __muldi3                        
000069f9  __muldsi3                       
00005ca5  __mulsf3                        
00006175  __nedf2                         
000069bd  __nesf2                         
20207e00  __stack                         
20200000  __start___llvm_prf_bits         
20200000  __start___llvm_prf_cnts         
20200000  __stop___llvm_prf_bits          
20200000  __stop___llvm_prf_cnts          
00003e39  __subdf3                        
00005379  __subsf3                        
00005fb1  __truncdfsf2                    
000059a1  __udivmoddi4                    
00006c05  _c_int00_noargs                 
20200240  _ftable                         
20200410  _lock                           
00005e3b  _nop                            
UNDEFED   _system_post_cinit              
00006e73  _system_pre_init                
20200414  _unlock                         
20200447  abcd                            
00006e77  abort                           
2020019c  accel                           
202001f8  accel_x                         
202001fc  accel_y                         
20200200  accel_z                         
000024e5  asin                            
000024e5  asinl                           
00002ec9  atan                            
00003ca1  atan2                           
00003ca1  atan2l                          
00002ec9  atanl                           
ffffffff  binit                           
000067d5  delay_ms                        
00006945  delay_us                        
000031c1  dmp_enable_feature              
00006d2d  dmp_load_motion_driver_firmware 
00003ae9  dmp_read_fifo                   
0000583d  dmp_set_accel_bias              
000061e1  dmp_set_fifo_rate               
00004d31  dmp_set_gyro_bias               
00004e25  dmp_set_orientation             
00004995  dmp_set_tap_thresh              
20200420  dt                              
20200204  encoderA_cnt                    
20200208  encoderB_cnt                    
00006bb1  fputc                           
00005779  fputs                           
20200000  gPWM_0Backup                    
202000bc  gTIMER_0Backup                  
2020044b  go_flag                         
2020020c  gpio_interrup                   
202001a2  gyro                            
20200210  gyro_x                          
20200214  gyro_y                          
20200218  gyro_z                          
00007d4c  hw                              
000000c1  i2cRead                         
00002095  i2cWrite                        
00000000  interruptVectors                
2020021c  line1                           
20200220  line2                           
20200224  line3                           
20200228  line4                           
2020022c  line5                           
20200230  line6                           
20200234  line7                           
20200238  line8                           
00005a45  main                            
00006c75  memccpy                         
00005ae1  memcpy                          
000063d7  memset                          
00005b7d  mpu_configure_fifo              
00006b7d  mpu_get_accel_fsr               
00006aa5  mpu_get_accel_sens              
000065a1  mpu_get_gyro_sens               
0000483d  mpu_init                        
000042c5  mpu_load_firmware               
000038e5  mpu_lp_accel_mode               
000058fd  mpu_read_fifo_stream            
00004ae1  mpu_reset_fifo                  
00000861  mpu_run_self_test               
00005c11  mpu_set_accel_fsr               
000051c1  mpu_set_bypass                  
00005451  mpu_set_dmp_state               
00006025  mpu_set_lpf                     
000050dd  mpu_set_sample_rate             
000052a1  mpu_set_sensors                 
00006249  mpu_write_mem                   
0000630f  myget_ms                        
00006495  printf                          
00005521  puts                            
20200424  pwma                            
20200428  pwmb                            
2020042c  q0                              
20200430  q1                              
20200434  q2                              
20200438  q3                              
20200330  recv0_buff                      
2020044e  recv0_flag                      
20200442  recv0_length                    
00007ce2  reg                             
2020023c  sensors                         
00003fcd  sqrt                            
00003fcd  sqrtl                           
2020043c  temp                            
00007b3c  test                            


GLOBAL SYMBOLS: SORTED BY Symbol Address 

address   name                            
-------   ----                            
00000000  __TI_ATRegion0_region_sz        
00000000  __TI_ATRegion0_src_addr         
00000000  __TI_ATRegion0_trg_addr         
00000000  __TI_ATRegion1_region_sz        
00000000  __TI_ATRegion1_src_addr         
00000000  __TI_ATRegion1_trg_addr         
00000000  __TI_ATRegion2_region_sz        
00000000  __TI_ATRegion2_src_addr         
00000000  __TI_ATRegion2_trg_addr         
00000000  __TI_static_base__              
00000000  interruptVectors                
000000c1  i2cRead                         
00000200  __STACK_SIZE                    
00000861  mpu_run_self_test               
00000fd1  Line_Control                    
0000160d  I2C_ReadOneByte                 
00001bad  IICwriteBytes                   
00002095  i2cWrite                        
000024e5  asin                            
000024e5  asinl                           
00002855  Get_Angle                       
00002ec9  atan                            
00002ec9  atanl                           
000031c1  dmp_enable_feature              
0000345d  __TI_printfi_minimal            
000036e1  Read_DMP                        
000038e5  mpu_lp_accel_mode               
00003ae9  dmp_read_fifo                   
00003ca1  atan2                           
00003ca1  atan2l                          
00003e39  __aeabi_dsub                    
00003e39  __subdf3                        
00003e43  __adddf3                        
00003e43  __aeabi_dadd                    
00003fcb  ADC0_IRQHandler                 
00003fcb  ADC1_IRQHandler                 
00003fcb  AES_IRQHandler                  
00003fcb  CANFD0_IRQHandler               
00003fcb  DAC0_IRQHandler                 
00003fcb  DMA_IRQHandler                  
00003fcb  Default_Handler                 
00003fcb  GROUP0_IRQHandler               
00003fcb  HardFault_Handler               
00003fcb  I2C0_IRQHandler                 
00003fcb  I2C1_IRQHandler                 
00003fcb  NMI_Handler                     
00003fcb  PendSV_Handler                  
00003fcb  RTC_IRQHandler                  
00003fcb  SPI0_IRQHandler                 
00003fcb  SPI1_IRQHandler                 
00003fcb  SVC_Handler                     
00003fcb  SysTick_Handler                 
00003fcb  TIMA1_IRQHandler                
00003fcb  TIMG0_IRQHandler                
00003fcb  TIMG12_IRQHandler               
00003fcb  TIMG6_IRQHandler                
00003fcb  TIMG7_IRQHandler                
00003fcb  TIMG8_IRQHandler                
00003fcb  UART1_IRQHandler                
00003fcb  UART2_IRQHandler                
00003fcb  UART3_IRQHandler                
00003fcd  sqrt                            
00003fcd  sqrtl                           
00004151  DMP_Init                        
000042c5  mpu_load_firmware               
00004429  IIC_Wait_Ack                    
00004585  Kalman_Filter_x                 
000046e1  Kalman_Filter_y                 
0000483d  mpu_init                        
00004995  dmp_set_tap_thresh              
00004ae1  mpu_reset_fifo                  
00004c25  __aeabi_ddiv                    
00004c25  __divdf3                        
00004d31  dmp_set_gyro_bias               
00004e25  dmp_set_orientation             
00004f11  DL_Timer_initTimerMode          
00004ff9  __aeabi_dmul                    
00004ff9  __muldf3                        
000050dd  mpu_set_sample_rate             
000051c1  mpu_set_bypass                  
000052a1  mpu_set_sensors                 
00005379  __aeabi_fsub                    
00005379  __subsf3                        
00005383  __addsf3                        
00005383  __aeabi_fadd                    
00005451  mpu_set_dmp_state               
00005521  puts                            
000055ed  SYSCFG_DL_GPIO_init             
000056b5  DL_Timer_initPWMMode            
00005779  fputs                           
0000583d  dmp_set_accel_bias              
000058fd  mpu_read_fifo_stream            
000059a1  __udivmoddi4                    
00005a43  __aeabi_idiv0                   
00005a45  main                            
00005ae1  memcpy                          
00005b7b  __aeabi_ldiv0                   
00005b7d  mpu_configure_fifo              
00005c11  mpu_set_accel_fsr               
00005ca5  __aeabi_fmul                    
00005ca5  __mulsf3                        
00005d31  GROUP1_IRQHandler               
00005db9  __aeabi_fdiv                    
00005db9  __divsf3                        
00005e3b  _nop                            
00005e3d  DL_TimerA_initPWMMode           
00005ebd  SYSCFG_DL_PWM_0_init            
00005f39  __TI_decompress_lzss            
00005fb1  __aeabi_d2f                     
00005fb1  __truncdfsf2                    
00006025  mpu_set_lpf                     
00006099  __gedf2                         
00006099  __gtdf2                         
00006109  SYSCFG_DL_UART_0_init           
00006175  __cmpdf2                        
00006175  __eqdf2                         
00006175  __ledf2                         
00006175  __ltdf2                         
00006175  __nedf2                         
000061e1  dmp_set_fifo_rate               
00006249  mpu_write_mem                   
000062ad  MPU6050_initialize              
0000630f  myget_ms                        
00006311  __aeabi_dcmpeq                  
00006325  __aeabi_dcmplt                  
00006339  __aeabi_dcmple                  
0000634d  __aeabi_dcmpge                  
00006361  __aeabi_dcmpgt                  
00006375  __aeabi_fcmpeq                  
00006389  __aeabi_fcmplt                  
0000639d  __aeabi_fcmple                  
000063b1  __aeabi_fcmpge                  
000063c5  __aeabi_fcmpgt                  
000063d7  memset                          
00006439  UART0_IRQHandler                
00006495  printf                          
000064f1  Set_PWM                         
00006549  __aeabi_idiv                    
00006549  __aeabi_idivmod                 
000065a1  mpu_get_gyro_sens               
000065f5  DL_UART_init                    
0000663d  SYSCFG_DL_initPower             
00006685  IICwriteBits                    
000066cd  Complementary_Filter_x          
00006711  Complementary_Filter_y          
00006755  __aeabi_uidiv                   
00006755  __aeabi_uidivmod                
00006795  __aeabi_f2d                     
00006795  __extendsfdf2                   
000067d5  delay_ms                        
00006815  Angle_PID                       
00006853  __divmoddi4                     
00006891  SYSCFG_DL_SYSCTL_init           
000068cd  __aeabi_i2f                     
000068cd  __floatsisf                     
00006909  __gesf2                         
00006909  __gtsf2                         
00006945  delay_us                        
00006981  __TI_auto_init_nobinit_nopinit  
000069bd  __cmpsf2                        
000069bd  __eqsf2                         
000069bd  __lesf2                         
000069bd  __ltsf2                         
000069bd  __nesf2                         
000069f9  __muldsi3                       
00006a35  SYSCFG_DL_TIMER_0_init          
00006a6d  __aeabi_f2iz                    
00006a6d  __fixsfsi                       
00006aa5  mpu_get_accel_sens              
00006add  IICwriteBit                     
00006b15  SYSCFG_DL_init                  
00006b49  TIMA0_IRQHandler                
00006b7d  mpu_get_accel_fsr               
00006bb1  fputc                           
00006bdd  __aeabi_ui2f                    
00006bdd  __floatunsisf                   
00006c05  _c_int00_noargs                 
00006c2d  Angle_PID_init                  
00006c51  __aeabi_lmul                    
00006c51  __muldi3                        
00006c75  memccpy                         
00006c99  DL_UART_transmitDataBlocking    
00006cb9  __aeabi_llsl                    
00006cb9  __ashldi3                       
00006cd9  DL_Timer_setCaptCompUpdateMethod
00006cf5  DL_Timer_setClockConfig         
00006d11  SYSCFG_DL_SYSTICK_init          
00006d2d  dmp_load_motion_driver_firmware 
00006d49  DL_Timer_setCaptureCompareOutCtl
00006d61  __TI_zero_init_nomemset         
00006d79  __aeabi_ldivmod                 
00006d8d  DL_UART_setClockConfig          
00006d9f  __TI_decompress_none            
00006db1  Angle_init                      
00006dc1  DL_Timer_setCaptureCompareValue 
00006dd1  __aeabi_memset                  
00006dd1  __aeabi_memset4                 
00006dd1  __aeabi_memset8                 
00006ded  DL_Common_delayCycles           
00006e2d  __aeabi_errno_addr              
00006e35  __aeabi_memcpy                  
00006e35  __aeabi_memcpy4                 
00006e35  __aeabi_memcpy8                 
00006e6f  Reset_Handler                   
00006e73  _system_pre_init                
00006e76  C$$EXIT                         
00006e77  abort                           
00007b3c  test                            
00007ce2  reg                             
00007d4c  hw                              
00007dd0  __TI_Handler_Table_Base         
00007ddc  __TI_Handler_Table_Limit        
00007de4  __TI_CINIT_Base                 
00007df4  __TI_CINIT_Limit                
00007df4  __TI_CINIT_Warm                 
20200000  __start___llvm_prf_bits         
20200000  __start___llvm_prf_cnts         
20200000  __stop___llvm_prf_bits          
20200000  __stop___llvm_prf_cnts          
20200000  gPWM_0Backup                    
202000bc  gTIMER_0Backup                  
20200178  Angle_Register_type             
2020019c  accel                           
202001a2  gyro                            
202001c0  Accel_Angle_x                   
202001c4  Accel_Angle_y                   
202001c8  Accel_X                         
202001cc  Accel_Y                         
202001d0  Accel_Z                         
202001d4  Get_Encoder_countA              
202001d8  Get_Encoder_countB              
202001dc  Gyro_X                          
202001e0  Gyro_Y                          
202001e4  Gyro_Z                          
202001e8  Pitch                           
202001ec  Roll                            
202001f0  Yaw                             
202001f4  Yaw_err                         
202001f8  accel_x                         
202001fc  accel_y                         
20200200  accel_z                         
20200204  encoderA_cnt                    
20200208  encoderB_cnt                    
2020020c  gpio_interrup                   
20200210  gyro_x                          
20200214  gyro_y                          
20200218  gyro_z                          
2020021c  line1                           
20200220  line2                           
20200224  line3                           
20200228  line4                           
2020022c  line5                           
20200230  line6                           
20200234  line7                           
20200238  line8                           
2020023c  sensors                         
20200240  _ftable                         
20200330  recv0_buff                      
202003dc  Angle_Pitch                     
202003e0  Angle_Roll                      
202003e4  Angle_Yaw                       
202003e8  ENCODER                         
2020040c  __aeabi_errno                   
20200410  _lock                           
20200414  _unlock                         
20200420  dt                              
20200424  pwma                            
20200428  pwmb                            
2020042c  q0                              
20200430  q1                              
20200434  q2                              
20200438  q3                              
2020043c  temp                            
20200442  recv0_length                    
20200446  Way_Angle                       
20200447  abcd                            
2020044b  go_flag                         
2020044e  recv0_flag                      
20207e00  __stack                         
20208000  __STACK_END                     
ffffffff  __TI_pprof_out_hndl             
ffffffff  __TI_prof_data_size             
ffffffff  __TI_prof_data_start            
ffffffff  __binit__                       
ffffffff  binit                           
UNDEFED   __mpu_init                      
UNDEFED   _system_post_cinit              

[287 symbols]
