<?xml version="1.0" encoding="ISO-8859-1" ?>
<link_info>
   <banner>TI ARM Clang Linker PC v3.2.2.LTS</banner>
   <copyright>Copyright (c) 1996-2018 Texas Instruments Incorporated</copyright>
   <link_time>0x66aa7069</link_time>
   <link_errors>0x0</link_errors>
   <output_file>D:\TI_MSP\workspace\MSPM0G3507-CCS-TB6612\Debug\empty_LP_MSPM0G3507_nortos_ticlang.out</output_file>
   <entry_point>
      <name>_c_int00_noargs</name>
      <address>0x6c05</address>
   </entry_point>
   <input_file_list>
      <input_file id="fl-1">
         <path>D:\TI_MSP\workspace\MSPM0G3507-CCS-TB6612\Debug\.\</path>
         <kind>object</kind>
         <file>empty.o</file>
         <name>empty.o</name>
      </input_file>
      <input_file id="fl-2">
         <path>D:\TI_MSP\workspace\MSPM0G3507-CCS-TB6612\Debug\.\</path>
         <kind>object</kind>
         <file>ti_msp_dl_config.o</file>
         <name>ti_msp_dl_config.o</name>
      </input_file>
      <input_file id="fl-3">
         <path>D:\TI_MSP\workspace\MSPM0G3507-CCS-TB6612\Debug\.\</path>
         <kind>object</kind>
         <file>startup_mspm0g350x_ticlang.o</file>
         <name>startup_mspm0g350x_ticlang.o</name>
      </input_file>
      <input_file id="fl-4">
         <path>D:\TI_MSP\workspace\MSPM0G3507-CCS-TB6612\Debug\.\Hardware\</path>
         <kind>object</kind>
         <file>ADC.o</file>
         <name>ADC.o</name>
      </input_file>
      <input_file id="fl-5">
         <path>D:\TI_MSP\workspace\MSPM0G3507-CCS-TB6612\Debug\.\Hardware\</path>
         <kind>object</kind>
         <file>IOI2C.o</file>
         <name>IOI2C.o</name>
      </input_file>
      <input_file id="fl-6">
         <path>D:\TI_MSP\workspace\MSPM0G3507-CCS-TB6612\Debug\.\Hardware\</path>
         <kind>object</kind>
         <file>MPU6050.o</file>
         <name>MPU6050.o</name>
      </input_file>
      <input_file id="fl-7">
         <path>D:\TI_MSP\workspace\MSPM0G3507-CCS-TB6612\Debug\.\Hardware\</path>
         <kind>object</kind>
         <file>angle_process.o</file>
         <name>angle_process.o</name>
      </input_file>
      <input_file id="fl-8">
         <path>D:\TI_MSP\workspace\MSPM0G3507-CCS-TB6612\Debug\.\Hardware\</path>
         <kind>object</kind>
         <file>board.o</file>
         <name>board.o</name>
      </input_file>
      <input_file id="fl-9">
         <path>D:\TI_MSP\workspace\MSPM0G3507-CCS-TB6612\Debug\.\Hardware\</path>
         <kind>object</kind>
         <file>encoder.o</file>
         <name>encoder.o</name>
      </input_file>
      <input_file id="fl-a">
         <path>D:\TI_MSP\workspace\MSPM0G3507-CCS-TB6612\Debug\.\Hardware\</path>
         <kind>object</kind>
         <file>filter.o</file>
         <name>filter.o</name>
      </input_file>
      <input_file id="fl-b">
         <path>D:\TI_MSP\workspace\MSPM0G3507-CCS-TB6612\Debug\.\Hardware\</path>
         <kind>object</kind>
         <file>inv_mpu.o</file>
         <name>inv_mpu.o</name>
      </input_file>
      <input_file id="fl-c">
         <path>D:\TI_MSP\workspace\MSPM0G3507-CCS-TB6612\Debug\.\Hardware\</path>
         <kind>object</kind>
         <file>inv_mpu_dmp_motion_driver.o</file>
         <name>inv_mpu_dmp_motion_driver.o</name>
      </input_file>
      <input_file id="fl-d">
         <path>D:\TI_MSP\workspace\MSPM0G3507-CCS-TB6612\Debug\.\Hardware\</path>
         <kind>object</kind>
         <file>key.o</file>
         <name>key.o</name>
      </input_file>
      <input_file id="fl-e">
         <path>D:\TI_MSP\workspace\MSPM0G3507-CCS-TB6612\Debug\.\Hardware\</path>
         <kind>object</kind>
         <file>led.o</file>
         <name>led.o</name>
      </input_file>
      <input_file id="fl-f">
         <path>D:\TI_MSP\workspace\MSPM0G3507-CCS-TB6612\Debug\.\Hardware\</path>
         <kind>object</kind>
         <file>line_following.o</file>
         <name>line_following.o</name>
      </input_file>
      <input_file id="fl-10">
         <path>D:\TI_MSP\workspace\MSPM0G3507-CCS-TB6612\Debug\.\Hardware\</path>
         <kind>object</kind>
         <file>motor.o</file>
         <name>motor.o</name>
      </input_file>
      <input_file id="fl-11">
         <path>D:\TI_MSP\workspace\MSPM0G3507-CCS-TB6612\Debug\.\Hardware\</path>
         <kind>object</kind>
         <file>pid.o</file>
         <name>pid.o</name>
      </input_file>
      <input_file id="fl-12">
         <path>D:\TI_MSP\workspace\MSPM0G3507-CCS-TB6612\Debug\.\Hardware\</path>
         <kind>object</kind>
         <file>qua.o</file>
         <name>qua.o</name>
      </input_file>
      <input_file id="fl-1f">
         <path>D:\TI_MSP\workspace\MSPM0G3507-CCS-TB6612\Debug\</path>
         <kind>object</kind>
         <file>&lt;internal&gt;</file>
         <name>&lt;internal&gt;</name>
      </input_file>
      <input_file id="fl-20">
         <path>D:\TI_MSP\mspm0_sdk_2_01_00_03\source\ti\driverlib\lib\ticlang\m0p\mspm0g1x0x_g3x0x\</path>
         <kind>archive</kind>
         <file>driverlib.a</file>
         <name>dl_common.o</name>
      </input_file>
      <input_file id="fl-21">
         <path>D:\TI_MSP\mspm0_sdk_2_01_00_03\source\ti\driverlib\lib\ticlang\m0p\mspm0g1x0x_g3x0x\</path>
         <kind>archive</kind>
         <file>driverlib.a</file>
         <name>dl_timer.o</name>
      </input_file>
      <input_file id="fl-22">
         <path>D:\TI_MSP\mspm0_sdk_2_01_00_03\source\ti\driverlib\lib\ticlang\m0p\mspm0g1x0x_g3x0x\</path>
         <kind>archive</kind>
         <file>driverlib.a</file>
         <name>dl_uart.o</name>
      </input_file>
      <input_file id="fl-31">
         <path>D:\TI_MSP\ti\ccs\tools\compiler\ti-cgt-armllvm_3.2.2.LTS\lib\armv6m-ti-none-eabi\c\</path>
         <kind>archive</kind>
         <file>libc.a</file>
         <name>printf.c.obj</name>
      </input_file>
      <input_file id="fl-32">
         <path>D:\TI_MSP\ti\ccs\tools\compiler\ti-cgt-armllvm_3.2.2.LTS\lib\armv6m-ti-none-eabi\c\</path>
         <kind>archive</kind>
         <file>libc.a</file>
         <name>_printfi.c.obj</name>
      </input_file>
      <input_file id="fl-33">
         <path>D:\TI_MSP\ti\ccs\tools\compiler\ti-cgt-armllvm_3.2.2.LTS\lib\armv6m-ti-none-eabi\c\</path>
         <kind>archive</kind>
         <file>libc.a</file>
         <name>e_asinf.c.obj</name>
      </input_file>
      <input_file id="fl-34">
         <path>D:\TI_MSP\ti\ccs\tools\compiler\ti-cgt-armllvm_3.2.2.LTS\lib\armv6m-ti-none-eabi\c\</path>
         <kind>archive</kind>
         <file>libc.a</file>
         <name>s_atanf.c.obj</name>
      </input_file>
      <input_file id="fl-35">
         <path>D:\TI_MSP\ti\ccs\tools\compiler\ti-cgt-armllvm_3.2.2.LTS\lib\armv6m-ti-none-eabi\c\</path>
         <kind>archive</kind>
         <file>libc.a</file>
         <name>e_asin.c.obj</name>
      </input_file>
      <input_file id="fl-36">
         <path>D:\TI_MSP\ti\ccs\tools\compiler\ti-cgt-armllvm_3.2.2.LTS\lib\armv6m-ti-none-eabi\c\</path>
         <kind>archive</kind>
         <file>libc.a</file>
         <name>e_atan2.c.obj</name>
      </input_file>
      <input_file id="fl-37">
         <path>D:\TI_MSP\ti\ccs\tools\compiler\ti-cgt-armllvm_3.2.2.LTS\lib\armv6m-ti-none-eabi\c\</path>
         <kind>archive</kind>
         <file>libc.a</file>
         <name>e_sqrt.c.obj</name>
      </input_file>
      <input_file id="fl-38">
         <path>D:\TI_MSP\ti\ccs\tools\compiler\ti-cgt-armllvm_3.2.2.LTS\lib\armv6m-ti-none-eabi\c\</path>
         <kind>archive</kind>
         <file>libc.a</file>
         <name>s_atan.c.obj</name>
      </input_file>
      <input_file id="fl-39">
         <path>D:\TI_MSP\ti\ccs\tools\compiler\ti-cgt-armllvm_3.2.2.LTS\lib\armv6m-ti-none-eabi\c\</path>
         <kind>archive</kind>
         <file>libc.a</file>
         <name>s_frexp.c.obj</name>
      </input_file>
      <input_file id="fl-3a">
         <path>D:\TI_MSP\ti\ccs\tools\compiler\ti-cgt-armllvm_3.2.2.LTS\lib\armv6m-ti-none-eabi\c\</path>
         <kind>archive</kind>
         <file>libc.a</file>
         <name>s_scalbn.c.obj</name>
      </input_file>
      <input_file id="fl-3b">
         <path>D:\TI_MSP\ti\ccs\tools\compiler\ti-cgt-armllvm_3.2.2.LTS\lib\armv6m-ti-none-eabi\c\</path>
         <kind>archive</kind>
         <file>libc.a</file>
         <name>aeabi_portable.c.obj</name>
      </input_file>
      <input_file id="fl-3c">
         <path>D:\TI_MSP\ti\ccs\tools\compiler\ti-cgt-armllvm_3.2.2.LTS\lib\armv6m-ti-none-eabi\c\</path>
         <kind>archive</kind>
         <file>libc.a</file>
         <name>_lock.c.obj</name>
      </input_file>
      <input_file id="fl-3d">
         <path>D:\TI_MSP\ti\ccs\tools\compiler\ti-cgt-armllvm_3.2.2.LTS\lib\armv6m-ti-none-eabi\c\</path>
         <kind>archive</kind>
         <file>libc.a</file>
         <name>_ltoa.c.obj</name>
      </input_file>
      <input_file id="fl-3e">
         <path>D:\TI_MSP\ti\ccs\tools\compiler\ti-cgt-armllvm_3.2.2.LTS\lib\armv6m-ti-none-eabi\c\</path>
         <kind>archive</kind>
         <file>libc.a</file>
         <name>assert.c.obj</name>
      </input_file>
      <input_file id="fl-3f">
         <path>D:\TI_MSP\ti\ccs\tools\compiler\ti-cgt-armllvm_3.2.2.LTS\lib\armv6m-ti-none-eabi\c\</path>
         <kind>archive</kind>
         <file>libc.a</file>
         <name>atoi.c.obj</name>
      </input_file>
      <input_file id="fl-40">
         <path>D:\TI_MSP\ti\ccs\tools\compiler\ti-cgt-armllvm_3.2.2.LTS\lib\armv6m-ti-none-eabi\c\</path>
         <kind>archive</kind>
         <file>libc.a</file>
         <name>defs.c.obj</name>
      </input_file>
      <input_file id="fl-41">
         <path>D:\TI_MSP\ti\ccs\tools\compiler\ti-cgt-armllvm_3.2.2.LTS\lib\armv6m-ti-none-eabi\c\</path>
         <kind>archive</kind>
         <file>libc.a</file>
         <name>memccpy.c.obj</name>
      </input_file>
      <input_file id="fl-42">
         <path>D:\TI_MSP\ti\ccs\tools\compiler\ti-cgt-armllvm_3.2.2.LTS\lib\armv6m-ti-none-eabi\c\</path>
         <kind>archive</kind>
         <file>libc.a</file>
         <name>memory.c.obj</name>
      </input_file>
      <input_file id="fl-43">
         <path>D:\TI_MSP\ti\ccs\tools\compiler\ti-cgt-armllvm_3.2.2.LTS\lib\armv6m-ti-none-eabi\c\</path>
         <kind>archive</kind>
         <file>libc.a</file>
         <name>boot_cortex_m.c.obj</name>
      </input_file>
      <input_file id="fl-44">
         <path>D:\TI_MSP\ti\ccs\tools\compiler\ti-cgt-armllvm_3.2.2.LTS\lib\armv6m-ti-none-eabi\c\</path>
         <kind>archive</kind>
         <file>libc.a</file>
         <name>mathacl_init.c.obj</name>
      </input_file>
      <input_file id="fl-45">
         <path>D:\TI_MSP\ti\ccs\tools\compiler\ti-cgt-armllvm_3.2.2.LTS\lib\armv6m-ti-none-eabi\c\</path>
         <kind>archive</kind>
         <file>libc.a</file>
         <name>autoinit.c.obj</name>
      </input_file>
      <input_file id="fl-46">
         <path>D:\TI_MSP\ti\ccs\tools\compiler\ti-cgt-armllvm_3.2.2.LTS\lib\armv6m-ti-none-eabi\c\</path>
         <kind>archive</kind>
         <file>libc.a</file>
         <name>pre_init.c.obj</name>
      </input_file>
      <input_file id="fl-47">
         <path>D:\TI_MSP\ti\ccs\tools\compiler\ti-cgt-armllvm_3.2.2.LTS\lib\armv6m-ti-none-eabi\c\</path>
         <kind>archive</kind>
         <file>libc.a</file>
         <name>cpy_tbl.c.obj</name>
      </input_file>
      <input_file id="fl-48">
         <path>D:\TI_MSP\ti\ccs\tools\compiler\ti-cgt-armllvm_3.2.2.LTS\lib\armv6m-ti-none-eabi\c\</path>
         <kind>archive</kind>
         <file>libc.a</file>
         <name>copy_zero_init.c.obj</name>
      </input_file>
      <input_file id="fl-49">
         <path>D:\TI_MSP\ti\ccs\tools\compiler\ti-cgt-armllvm_3.2.2.LTS\lib\armv6m-ti-none-eabi\c\</path>
         <kind>archive</kind>
         <file>libc.a</file>
         <name>copy_decompress_none.c.obj</name>
      </input_file>
      <input_file id="fl-4a">
         <path>D:\TI_MSP\ti\ccs\tools\compiler\ti-cgt-armllvm_3.2.2.LTS\lib\armv6m-ti-none-eabi\c\</path>
         <kind>archive</kind>
         <file>libc.a</file>
         <name>copy_decompress_lzss.c.obj</name>
      </input_file>
      <input_file id="fl-4b">
         <path>D:\TI_MSP\ti\ccs\tools\compiler\ti-cgt-armllvm_3.2.2.LTS\lib\armv6m-ti-none-eabi\c\</path>
         <kind>archive</kind>
         <file>libc.a</file>
         <name>wcslen.c.obj</name>
      </input_file>
      <input_file id="fl-4c">
         <path>D:\TI_MSP\ti\ccs\tools\compiler\ti-cgt-armllvm_3.2.2.LTS\lib\armv6m-ti-none-eabi\c\</path>
         <kind>archive</kind>
         <file>libc.a</file>
         <name>sprintf.c.obj</name>
      </input_file>
      <input_file id="fl-4d">
         <path>D:\TI_MSP\ti\ccs\tools\compiler\ti-cgt-armllvm_3.2.2.LTS\lib\armv6m-ti-none-eabi\c\</path>
         <kind>archive</kind>
         <file>libc.a</file>
         <name>fflush.c.obj</name>
      </input_file>
      <input_file id="fl-4e">
         <path>D:\TI_MSP\ti\ccs\tools\compiler\ti-cgt-armllvm_3.2.2.LTS\lib\armv6m-ti-none-eabi\c\</path>
         <kind>archive</kind>
         <file>libc.a</file>
         <name>aeabi_ctype.S.obj</name>
      </input_file>
      <input_file id="fl-4f">
         <path>D:\TI_MSP\ti\ccs\tools\compiler\ti-cgt-armllvm_3.2.2.LTS\lib\armv6m-ti-none-eabi\c\</path>
         <kind>archive</kind>
         <file>libc.a</file>
         <name>exit.c.obj</name>
      </input_file>
      <input_file id="fl-50">
         <path>D:\TI_MSP\ti\ccs\tools\compiler\ti-cgt-armllvm_3.2.2.LTS\lib\armv6m-ti-none-eabi\c\</path>
         <kind>archive</kind>
         <file>libc.a</file>
         <name>args_main.c.obj</name>
      </input_file>
      <input_file id="fl-b6">
         <path>D:\TI_MSP\ti\ccs\tools\compiler\ti-cgt-armllvm_3.2.2.LTS\lib\armv6m-ti-none-eabi\c\</path>
         <kind>archive</kind>
         <file>libsysbm.a</file>
         <name>write.c.obj</name>
      </input_file>
      <input_file id="fl-b7">
         <path>D:\TI_MSP\ti\ccs\tools\compiler\ti-cgt-armllvm_3.2.2.LTS\lib\armv6m-ti-none-eabi\c\</path>
         <kind>archive</kind>
         <file>libsysbm.a</file>
         <name>host_device.c.obj</name>
      </input_file>
      <input_file id="fl-b8">
         <path>D:\TI_MSP\ti\ccs\tools\compiler\ti-cgt-armllvm_3.2.2.LTS\lib\armv6m-ti-none-eabi\c\</path>
         <kind>archive</kind>
         <file>libsysbm.a</file>
         <name>hostclose.c.obj</name>
      </input_file>
      <input_file id="fl-b9">
         <path>D:\TI_MSP\ti\ccs\tools\compiler\ti-cgt-armllvm_3.2.2.LTS\lib\armv6m-ti-none-eabi\c\</path>
         <kind>archive</kind>
         <file>libsysbm.a</file>
         <name>hostlseek.c.obj</name>
      </input_file>
      <input_file id="fl-ba">
         <path>D:\TI_MSP\ti\ccs\tools\compiler\ti-cgt-armllvm_3.2.2.LTS\lib\armv6m-ti-none-eabi\c\</path>
         <kind>archive</kind>
         <file>libsysbm.a</file>
         <name>hostopen.c.obj</name>
      </input_file>
      <input_file id="fl-bb">
         <path>D:\TI_MSP\ti\ccs\tools\compiler\ti-cgt-armllvm_3.2.2.LTS\lib\armv6m-ti-none-eabi\c\</path>
         <kind>archive</kind>
         <file>libsysbm.a</file>
         <name>hostread.c.obj</name>
      </input_file>
      <input_file id="fl-bc">
         <path>D:\TI_MSP\ti\ccs\tools\compiler\ti-cgt-armllvm_3.2.2.LTS\lib\armv6m-ti-none-eabi\c\</path>
         <kind>archive</kind>
         <file>libsysbm.a</file>
         <name>hostrename.c.obj</name>
      </input_file>
      <input_file id="fl-bd">
         <path>D:\TI_MSP\ti\ccs\tools\compiler\ti-cgt-armllvm_3.2.2.LTS\lib\armv6m-ti-none-eabi\c\</path>
         <kind>archive</kind>
         <file>libsysbm.a</file>
         <name>hostunlink.c.obj</name>
      </input_file>
      <input_file id="fl-be">
         <path>D:\TI_MSP\ti\ccs\tools\compiler\ti-cgt-armllvm_3.2.2.LTS\lib\armv6m-ti-none-eabi\c\</path>
         <kind>archive</kind>
         <file>libsysbm.a</file>
         <name>hostwrite.c.obj</name>
      </input_file>
      <input_file id="fl-bf">
         <path>D:\TI_MSP\ti\ccs\tools\compiler\ti-cgt-armllvm_3.2.2.LTS\lib\armv6m-ti-none-eabi\c\</path>
         <kind>archive</kind>
         <file>libsysbm.a</file>
         <name>trgmsg.c.obj</name>
      </input_file>
      <input_file id="fl-c0">
         <path>D:\TI_MSP\ti\ccs\tools\compiler\ti-cgt-armllvm_3.2.2.LTS\lib\clang\15.0.7\lib\armv6m-ti-none-eabi\</path>
         <kind>archive</kind>
         <file>libclang_rt.builtins.a</file>
         <name>addsf3.S.obj</name>
      </input_file>
      <input_file id="fl-c1">
         <path>D:\TI_MSP\ti\ccs\tools\compiler\ti-cgt-armllvm_3.2.2.LTS\lib\clang\15.0.7\lib\armv6m-ti-none-eabi\</path>
         <kind>archive</kind>
         <file>libclang_rt.builtins.a</file>
         <name>adddf3.S.obj</name>
      </input_file>
      <input_file id="fl-c2">
         <path>D:\TI_MSP\ti\ccs\tools\compiler\ti-cgt-armllvm_3.2.2.LTS\lib\clang\15.0.7\lib\armv6m-ti-none-eabi\</path>
         <kind>archive</kind>
         <file>libclang_rt.builtins.a</file>
         <name>muldf3.S.obj</name>
      </input_file>
      <input_file id="fl-c3">
         <path>D:\TI_MSP\ti\ccs\tools\compiler\ti-cgt-armllvm_3.2.2.LTS\lib\clang\15.0.7\lib\armv6m-ti-none-eabi\</path>
         <kind>archive</kind>
         <file>libclang_rt.builtins.a</file>
         <name>muldsi3.S.obj</name>
      </input_file>
      <input_file id="fl-c4">
         <path>D:\TI_MSP\ti\ccs\tools\compiler\ti-cgt-armllvm_3.2.2.LTS\lib\clang\15.0.7\lib\armv6m-ti-none-eabi\</path>
         <kind>archive</kind>
         <file>libclang_rt.builtins.a</file>
         <name>mulsf3.S.obj</name>
      </input_file>
      <input_file id="fl-c5">
         <path>D:\TI_MSP\ti\ccs\tools\compiler\ti-cgt-armllvm_3.2.2.LTS\lib\clang\15.0.7\lib\armv6m-ti-none-eabi\</path>
         <kind>archive</kind>
         <file>libclang_rt.builtins.a</file>
         <name>divsf3.S.obj</name>
      </input_file>
      <input_file id="fl-c6">
         <path>D:\TI_MSP\ti\ccs\tools\compiler\ti-cgt-armllvm_3.2.2.LTS\lib\clang\15.0.7\lib\armv6m-ti-none-eabi\</path>
         <kind>archive</kind>
         <file>libclang_rt.builtins.a</file>
         <name>divdf3.S.obj</name>
      </input_file>
      <input_file id="fl-c7">
         <path>D:\TI_MSP\ti\ccs\tools\compiler\ti-cgt-armllvm_3.2.2.LTS\lib\clang\15.0.7\lib\armv6m-ti-none-eabi\</path>
         <kind>archive</kind>
         <file>libclang_rt.builtins.a</file>
         <name>extendsfdf2.S.obj</name>
      </input_file>
      <input_file id="fl-c8">
         <path>D:\TI_MSP\ti\ccs\tools\compiler\ti-cgt-armllvm_3.2.2.LTS\lib\clang\15.0.7\lib\armv6m-ti-none-eabi\</path>
         <kind>archive</kind>
         <file>libclang_rt.builtins.a</file>
         <name>fixdfsi.S.obj</name>
      </input_file>
      <input_file id="fl-c9">
         <path>D:\TI_MSP\ti\ccs\tools\compiler\ti-cgt-armllvm_3.2.2.LTS\lib\clang\15.0.7\lib\armv6m-ti-none-eabi\</path>
         <kind>archive</kind>
         <file>libclang_rt.builtins.a</file>
         <name>fixsfsi.S.obj</name>
      </input_file>
      <input_file id="fl-ca">
         <path>D:\TI_MSP\ti\ccs\tools\compiler\ti-cgt-armllvm_3.2.2.LTS\lib\clang\15.0.7\lib\armv6m-ti-none-eabi\</path>
         <kind>archive</kind>
         <file>libclang_rt.builtins.a</file>
         <name>floatsidf.S.obj</name>
      </input_file>
      <input_file id="fl-cb">
         <path>D:\TI_MSP\ti\ccs\tools\compiler\ti-cgt-armllvm_3.2.2.LTS\lib\clang\15.0.7\lib\armv6m-ti-none-eabi\</path>
         <kind>archive</kind>
         <file>libclang_rt.builtins.a</file>
         <name>floatsisf.S.obj</name>
      </input_file>
      <input_file id="fl-cc">
         <path>D:\TI_MSP\ti\ccs\tools\compiler\ti-cgt-armllvm_3.2.2.LTS\lib\clang\15.0.7\lib\armv6m-ti-none-eabi\</path>
         <kind>archive</kind>
         <file>libclang_rt.builtins.a</file>
         <name>floatunsisf.S.obj</name>
      </input_file>
      <input_file id="fl-cd">
         <path>D:\TI_MSP\ti\ccs\tools\compiler\ti-cgt-armllvm_3.2.2.LTS\lib\clang\15.0.7\lib\armv6m-ti-none-eabi\</path>
         <kind>archive</kind>
         <file>libclang_rt.builtins.a</file>
         <name>muldi3.S.obj</name>
      </input_file>
      <input_file id="fl-ce">
         <path>D:\TI_MSP\ti\ccs\tools\compiler\ti-cgt-armllvm_3.2.2.LTS\lib\clang\15.0.7\lib\armv6m-ti-none-eabi\</path>
         <kind>archive</kind>
         <file>libclang_rt.builtins.a</file>
         <name>truncdfsf2.S.obj</name>
      </input_file>
      <input_file id="fl-cf">
         <path>D:\TI_MSP\ti\ccs\tools\compiler\ti-cgt-armllvm_3.2.2.LTS\lib\clang\15.0.7\lib\armv6m-ti-none-eabi\</path>
         <kind>archive</kind>
         <file>libclang_rt.builtins.a</file>
         <name>aeabi_dcmp.S.obj</name>
      </input_file>
      <input_file id="fl-d0">
         <path>D:\TI_MSP\ti\ccs\tools\compiler\ti-cgt-armllvm_3.2.2.LTS\lib\clang\15.0.7\lib\armv6m-ti-none-eabi\</path>
         <kind>archive</kind>
         <file>libclang_rt.builtins.a</file>
         <name>aeabi_fcmp.S.obj</name>
      </input_file>
      <input_file id="fl-d1">
         <path>D:\TI_MSP\ti\ccs\tools\compiler\ti-cgt-armllvm_3.2.2.LTS\lib\clang\15.0.7\lib\armv6m-ti-none-eabi\</path>
         <kind>archive</kind>
         <file>libclang_rt.builtins.a</file>
         <name>aeabi_idivmod.S.obj</name>
      </input_file>
      <input_file id="fl-d2">
         <path>D:\TI_MSP\ti\ccs\tools\compiler\ti-cgt-armllvm_3.2.2.LTS\lib\clang\15.0.7\lib\armv6m-ti-none-eabi\</path>
         <kind>archive</kind>
         <file>libclang_rt.builtins.a</file>
         <name>aeabi_ldivmod.S.obj</name>
      </input_file>
      <input_file id="fl-d3">
         <path>D:\TI_MSP\ti\ccs\tools\compiler\ti-cgt-armllvm_3.2.2.LTS\lib\clang\15.0.7\lib\armv6m-ti-none-eabi\</path>
         <kind>archive</kind>
         <file>libclang_rt.builtins.a</file>
         <name>aeabi_memcpy.S.obj</name>
      </input_file>
      <input_file id="fl-d4">
         <path>D:\TI_MSP\ti\ccs\tools\compiler\ti-cgt-armllvm_3.2.2.LTS\lib\clang\15.0.7\lib\armv6m-ti-none-eabi\</path>
         <kind>archive</kind>
         <file>libclang_rt.builtins.a</file>
         <name>aeabi_memmove.S.obj</name>
      </input_file>
      <input_file id="fl-d5">
         <path>D:\TI_MSP\ti\ccs\tools\compiler\ti-cgt-armllvm_3.2.2.LTS\lib\clang\15.0.7\lib\armv6m-ti-none-eabi\</path>
         <kind>archive</kind>
         <file>libclang_rt.builtins.a</file>
         <name>aeabi_memset.S.obj</name>
      </input_file>
      <input_file id="fl-d6">
         <path>D:\TI_MSP\ti\ccs\tools\compiler\ti-cgt-armllvm_3.2.2.LTS\lib\clang\15.0.7\lib\armv6m-ti-none-eabi\</path>
         <kind>archive</kind>
         <file>libclang_rt.builtins.a</file>
         <name>aeabi_uidivmod.S.obj</name>
      </input_file>
      <input_file id="fl-d7">
         <path>D:\TI_MSP\ti\ccs\tools\compiler\ti-cgt-armllvm_3.2.2.LTS\lib\clang\15.0.7\lib\armv6m-ti-none-eabi\</path>
         <kind>archive</kind>
         <file>libclang_rt.builtins.a</file>
         <name>aeabi_uldivmod.S.obj</name>
      </input_file>
      <input_file id="fl-d8">
         <path>D:\TI_MSP\ti\ccs\tools\compiler\ti-cgt-armllvm_3.2.2.LTS\lib\clang\15.0.7\lib\armv6m-ti-none-eabi\</path>
         <kind>archive</kind>
         <file>libclang_rt.builtins.a</file>
         <name>comparesf2.S.obj</name>
      </input_file>
      <input_file id="fl-d9">
         <path>D:\TI_MSP\ti\ccs\tools\compiler\ti-cgt-armllvm_3.2.2.LTS\lib\clang\15.0.7\lib\armv6m-ti-none-eabi\</path>
         <kind>archive</kind>
         <file>libclang_rt.builtins.a</file>
         <name>udivmoddi4.S.obj</name>
      </input_file>
      <input_file id="fl-da">
         <path>D:\TI_MSP\ti\ccs\tools\compiler\ti-cgt-armllvm_3.2.2.LTS\lib\clang\15.0.7\lib\armv6m-ti-none-eabi\</path>
         <kind>archive</kind>
         <file>libclang_rt.builtins.a</file>
         <name>ashldi3.S.obj</name>
      </input_file>
      <input_file id="fl-db">
         <path>D:\TI_MSP\ti\ccs\tools\compiler\ti-cgt-armllvm_3.2.2.LTS\lib\clang\15.0.7\lib\armv6m-ti-none-eabi\</path>
         <kind>archive</kind>
         <file>libclang_rt.builtins.a</file>
         <name>comparedf2.c.obj</name>
      </input_file>
      <input_file id="fl-dc">
         <path>D:\TI_MSP\ti\ccs\tools\compiler\ti-cgt-armllvm_3.2.2.LTS\lib\clang\15.0.7\lib\armv6m-ti-none-eabi\</path>
         <kind>archive</kind>
         <file>libclang_rt.builtins.a</file>
         <name>divmoddi4.c.obj</name>
      </input_file>
      <input_file id="fl-dd">
         <path>D:\TI_MSP\ti\ccs\tools\compiler\ti-cgt-armllvm_3.2.2.LTS\lib\clang\15.0.7\lib\armv6m-ti-none-eabi\</path>
         <kind>archive</kind>
         <file>libclang_rt.builtins.a</file>
         <name>aeabi_div0.c.obj</name>
      </input_file>
      <input_file id="fl-de">
         <path>D:\TI_MSP\ti\ccs\tools\compiler\ti-cgt-armllvm_3.2.2.LTS\lib\armv6m-ti-none-eabi\c\</path>
         <kind>archive</kind>
         <file>libc.a</file>
         <name>memcpy16.S.obj</name>
      </input_file>
      <input_file id="fl-df">
         <path>D:\TI_MSP\ti\ccs\tools\compiler\ti-cgt-armllvm_3.2.2.LTS\lib\armv6m-ti-none-eabi\c\</path>
         <kind>archive</kind>
         <file>libc.a</file>
         <name>memset16.S.obj</name>
      </input_file>
      <input_file id="fl-e0">
         <path>D:\TI_MSP\ti\ccs\tools\compiler\ti-cgt-armllvm_3.2.2.LTS\lib\armv6m-ti-none-eabi\c\</path>
         <kind>archive</kind>
         <file>libc.a</file>
         <name>memmov.c.obj</name>
      </input_file>
   </input_file_list>
   <object_component_list>
      <object_component id="oc-18">
         <name>.intvecs</name>
         <load_address>0x0</load_address>
         <readonly>true</readonly>
         <run_address>0x0</run_address>
         <size>0xc0</size>
         <alignment>0x4</alignment>
         <input_file_ref idref="fl-3"/>
      </object_component>
      <object_component id="oc-e2">
         <name>.text.i2cRead</name>
         <load_address>0xc0</load_address>
         <readonly>true</readonly>
         <executable>true</executable>
         <run_address>0xc0</run_address>
         <size>0x7a0</size>
         <alignment>0x4</alignment>
         <input_file_ref idref="fl-5"/>
      </object_component>
      <object_component id="oc-f6">
         <name>.text.mpu_run_self_test</name>
         <load_address>0x860</load_address>
         <readonly>true</readonly>
         <executable>true</executable>
         <run_address>0x860</run_address>
         <size>0x770</size>
         <alignment>0x4</alignment>
         <input_file_ref idref="fl-b"/>
      </object_component>
      <object_component id="oc-ac">
         <name>.text.Line_Control</name>
         <load_address>0xfd0</load_address>
         <readonly>true</readonly>
         <executable>true</executable>
         <run_address>0xfd0</run_address>
         <size>0x63c</size>
         <alignment>0x4</alignment>
         <input_file_ref idref="fl-f"/>
      </object_component>
      <object_component id="oc-11b">
         <name>.text.I2C_ReadOneByte</name>
         <load_address>0x160c</load_address>
         <readonly>true</readonly>
         <executable>true</executable>
         <run_address>0x160c</run_address>
         <size>0x5a0</size>
         <alignment>0x4</alignment>
         <input_file_ref idref="fl-5"/>
      </object_component>
      <object_component id="oc-1a5">
         <name>.text.IICwriteBytes</name>
         <load_address>0x1bac</load_address>
         <readonly>true</readonly>
         <executable>true</executable>
         <run_address>0x1bac</run_address>
         <size>0x4e8</size>
         <alignment>0x4</alignment>
         <input_file_ref idref="fl-5"/>
      </object_component>
      <object_component id="oc-1af">
         <name>.text.i2cWrite</name>
         <load_address>0x2094</load_address>
         <readonly>true</readonly>
         <executable>true</executable>
         <run_address>0x2094</run_address>
         <size>0x450</size>
         <alignment>0x4</alignment>
         <input_file_ref idref="fl-5"/>
      </object_component>
      <object_component id="oc-1dc">
         <name>.text.asin</name>
         <load_address>0x24e4</load_address>
         <readonly>true</readonly>
         <executable>true</executable>
         <run_address>0x24e4</run_address>
         <size>0x370</size>
         <alignment>0x4</alignment>
         <input_file_ref idref="fl-35"/>
      </object_component>
      <object_component id="oc-a8">
         <name>.text.Get_Angle</name>
         <load_address>0x2854</load_address>
         <readonly>true</readonly>
         <executable>true</executable>
         <run_address>0x2854</run_address>
         <size>0x348</size>
         <alignment>0x4</alignment>
         <input_file_ref idref="fl-7"/>
      </object_component>
      <object_component id="oc-1c7">
         <name>.text.get_st_biases</name>
         <load_address>0x2b9c</load_address>
         <readonly>true</readonly>
         <executable>true</executable>
         <run_address>0x2b9c</run_address>
         <size>0x32c</size>
         <alignment>0x4</alignment>
         <input_file_ref idref="fl-b"/>
      </object_component>
      <object_component id="oc-1f6">
         <name>.text.atan</name>
         <load_address>0x2ec8</load_address>
         <readonly>true</readonly>
         <executable>true</executable>
         <run_address>0x2ec8</run_address>
         <size>0x2f8</size>
         <alignment>0x4</alignment>
         <input_file_ref idref="fl-38"/>
      </object_component>
      <object_component id="oc-f4">
         <name>.text.dmp_enable_feature</name>
         <load_address>0x31c0</load_address>
         <readonly>true</readonly>
         <executable>true</executable>
         <run_address>0x31c0</run_address>
         <size>0x29c</size>
         <alignment>0x4</alignment>
         <input_file_ref idref="fl-c"/>
      </object_component>
      <object_component id="oc-265">
         <name>.text:__TI_printfi_minimal</name>
         <load_address>0x345c</load_address>
         <readonly>true</readonly>
         <executable>true</executable>
         <run_address>0x345c</run_address>
         <size>0x284</size>
         <alignment>0x4</alignment>
         <input_file_ref idref="fl-32"/>
      </object_component>
      <object_component id="oc-11a">
         <name>.text.Read_DMP</name>
         <load_address>0x36e0</load_address>
         <readonly>true</readonly>
         <executable>true</executable>
         <run_address>0x36e0</run_address>
         <size>0x204</size>
         <alignment>0x4</alignment>
         <input_file_ref idref="fl-6"/>
      </object_component>
      <object_component id="oc-1ba">
         <name>.text.mpu_lp_accel_mode</name>
         <load_address>0x38e4</load_address>
         <readonly>true</readonly>
         <executable>true</executable>
         <run_address>0x38e4</run_address>
         <size>0x204</size>
         <alignment>0x4</alignment>
         <input_file_ref idref="fl-b"/>
      </object_component>
      <object_component id="oc-1db">
         <name>.text.dmp_read_fifo</name>
         <load_address>0x3ae8</load_address>
         <readonly>true</readonly>
         <executable>true</executable>
         <run_address>0x3ae8</run_address>
         <size>0x1b8</size>
         <alignment>0x4</alignment>
         <input_file_ref idref="fl-c"/>
      </object_component>
      <object_component id="oc-128">
         <name>.text.atan2</name>
         <load_address>0x3ca0</load_address>
         <readonly>true</readonly>
         <executable>true</executable>
         <run_address>0x3ca0</run_address>
         <size>0x198</size>
         <alignment>0x4</alignment>
         <input_file_ref idref="fl-36"/>
      </object_component>
      <object_component id="oc-1f2">
         <name>.text.adddf3_subdf3</name>
         <load_address>0x3e38</load_address>
         <readonly>true</readonly>
         <executable>true</executable>
         <run_address>0x3e38</run_address>
         <size>0x192</size>
         <alignment>0x4</alignment>
         <input_file_ref idref="fl-c1"/>
      </object_component>
      <object_component id="oc-33">
         <name>.text.Default_Handler</name>
         <load_address>0x3fca</load_address>
         <readonly>true</readonly>
         <executable>true</executable>
         <run_address>0x3fca</run_address>
         <size>0x2</size>
         <alignment>0x2</alignment>
         <input_file_ref idref="fl-3"/>
      </object_component>
      <object_component id="oc-252">
         <name>.text.sqrt</name>
         <load_address>0x3fcc</load_address>
         <readonly>true</readonly>
         <executable>true</executable>
         <run_address>0x3fcc</run_address>
         <size>0x184</size>
         <alignment>0x4</alignment>
         <input_file_ref idref="fl-37"/>
      </object_component>
      <object_component id="oc-a0">
         <name>.text.DMP_Init</name>
         <load_address>0x4150</load_address>
         <readonly>true</readonly>
         <executable>true</executable>
         <run_address>0x4150</run_address>
         <size>0x174</size>
         <alignment>0x4</alignment>
         <input_file_ref idref="fl-6"/>
      </object_component>
      <object_component id="oc-1bb">
         <name>.text.mpu_load_firmware</name>
         <load_address>0x42c4</load_address>
         <readonly>true</readonly>
         <executable>true</executable>
         <run_address>0x42c4</run_address>
         <size>0x164</size>
         <alignment>0x4</alignment>
         <input_file_ref idref="fl-b"/>
      </object_component>
      <object_component id="oc-1a9">
         <name>.text.IIC_Wait_Ack</name>
         <load_address>0x4428</load_address>
         <readonly>true</readonly>
         <executable>true</executable>
         <run_address>0x4428</run_address>
         <size>0x15c</size>
         <alignment>0x4</alignment>
         <input_file_ref idref="fl-5"/>
      </object_component>
      <object_component id="oc-138">
         <name>.text.Kalman_Filter_x</name>
         <load_address>0x4584</load_address>
         <readonly>true</readonly>
         <executable>true</executable>
         <run_address>0x4584</run_address>
         <size>0x15c</size>
         <alignment>0x4</alignment>
         <input_file_ref idref="fl-a"/>
      </object_component>
      <object_component id="oc-13e">
         <name>.text.Kalman_Filter_y</name>
         <load_address>0x46e0</load_address>
         <readonly>true</readonly>
         <executable>true</executable>
         <run_address>0x46e0</run_address>
         <size>0x15c</size>
         <alignment>0x4</alignment>
         <input_file_ref idref="fl-a"/>
      </object_component>
      <object_component id="oc-e4">
         <name>.text.mpu_init</name>
         <load_address>0x483c</load_address>
         <readonly>true</readonly>
         <executable>true</executable>
         <run_address>0x483c</run_address>
         <size>0x158</size>
         <alignment>0x4</alignment>
         <input_file_ref idref="fl-b"/>
      </object_component>
      <object_component id="oc-1c3">
         <name>.text.dmp_set_tap_thresh</name>
         <load_address>0x4994</load_address>
         <readonly>true</readonly>
         <executable>true</executable>
         <run_address>0x4994</run_address>
         <size>0x14c</size>
         <alignment>0x4</alignment>
         <input_file_ref idref="fl-c"/>
      </object_component>
      <object_component id="oc-1b9">
         <name>.text.mpu_reset_fifo</name>
         <load_address>0x4ae0</load_address>
         <readonly>true</readonly>
         <executable>true</executable>
         <run_address>0x4ae0</run_address>
         <size>0x144</size>
         <alignment>0x4</alignment>
         <input_file_ref idref="fl-b"/>
      </object_component>
      <object_component id="oc-130">
         <name>.text.__divdf3</name>
         <load_address>0x4c24</load_address>
         <readonly>true</readonly>
         <executable>true</executable>
         <run_address>0x4c24</run_address>
         <size>0x10c</size>
         <alignment>0x4</alignment>
         <input_file_ref idref="fl-c6"/>
      </object_component>
      <object_component id="oc-104">
         <name>.text.dmp_set_gyro_bias</name>
         <load_address>0x4d30</load_address>
         <readonly>true</readonly>
         <executable>true</executable>
         <run_address>0x4d30</run_address>
         <size>0xf4</size>
         <alignment>0x4</alignment>
         <input_file_ref idref="fl-c"/>
      </object_component>
      <object_component id="oc-f2">
         <name>.text.dmp_set_orientation</name>
         <load_address>0x4e24</load_address>
         <readonly>true</readonly>
         <executable>true</executable>
         <run_address>0x4e24</run_address>
         <size>0xec</size>
         <alignment>0x4</alignment>
         <input_file_ref idref="fl-c"/>
      </object_component>
      <object_component id="oc-199">
         <name>.text.DL_Timer_initTimerMode</name>
         <load_address>0x4f10</load_address>
         <readonly>true</readonly>
         <executable>true</executable>
         <run_address>0x4f10</run_address>
         <size>0xe8</size>
         <alignment>0x4</alignment>
         <input_file_ref idref="fl-21"/>
      </object_component>
      <object_component id="oc-12c">
         <name>.text.__muldf3</name>
         <load_address>0x4ff8</load_address>
         <readonly>true</readonly>
         <executable>true</executable>
         <run_address>0x4ff8</run_address>
         <size>0xe4</size>
         <alignment>0x4</alignment>
         <input_file_ref idref="fl-c2"/>
      </object_component>
      <object_component id="oc-ec">
         <name>.text.mpu_set_sample_rate</name>
         <load_address>0x50dc</load_address>
         <readonly>true</readonly>
         <executable>true</executable>
         <run_address>0x50dc</run_address>
         <size>0xe4</size>
         <alignment>0x4</alignment>
         <input_file_ref idref="fl-b"/>
      </object_component>
      <object_component id="oc-1b2">
         <name>.text.mpu_set_bypass</name>
         <load_address>0x51c0</load_address>
         <readonly>true</readonly>
         <executable>true</executable>
         <run_address>0x51c0</run_address>
         <size>0xe0</size>
         <alignment>0x4</alignment>
         <input_file_ref idref="fl-b"/>
      </object_component>
      <object_component id="oc-ea">
         <name>.text.mpu_set_sensors</name>
         <load_address>0x52a0</load_address>
         <readonly>true</readonly>
         <executable>true</executable>
         <run_address>0x52a0</run_address>
         <size>0xd8</size>
         <alignment>0x4</alignment>
         <input_file_ref idref="fl-b"/>
      </object_component>
      <object_component id="oc-120">
         <name>.text</name>
         <load_address>0x5378</load_address>
         <readonly>true</readonly>
         <executable>true</executable>
         <run_address>0x5378</run_address>
         <size>0xd8</size>
         <alignment>0x4</alignment>
         <input_file_ref idref="fl-c0"/>
      </object_component>
      <object_component id="oc-107">
         <name>.text.mpu_set_dmp_state</name>
         <load_address>0x5450</load_address>
         <readonly>true</readonly>
         <executable>true</executable>
         <run_address>0x5450</run_address>
         <size>0xd0</size>
         <alignment>0x4</alignment>
         <input_file_ref idref="fl-b"/>
      </object_component>
      <object_component id="oc-e3">
         <name>.text.puts</name>
         <load_address>0x5520</load_address>
         <readonly>true</readonly>
         <executable>true</executable>
         <run_address>0x5520</run_address>
         <size>0xcc</size>
         <alignment>0x4</alignment>
         <input_file_ref idref="fl-8"/>
      </object_component>
      <object_component id="oc-ce">
         <name>.text.SYSCFG_DL_GPIO_init</name>
         <load_address>0x55ec</load_address>
         <readonly>true</readonly>
         <executable>true</executable>
         <run_address>0x55ec</run_address>
         <size>0xc8</size>
         <alignment>0x4</alignment>
         <input_file_ref idref="fl-2"/>
      </object_component>
      <object_component id="oc-230">
         <name>.text.DL_Timer_initPWMMode</name>
         <load_address>0x56b4</load_address>
         <readonly>true</readonly>
         <executable>true</executable>
         <run_address>0x56b4</run_address>
         <size>0xc4</size>
         <alignment>0x4</alignment>
         <input_file_ref idref="fl-21"/>
      </object_component>
      <object_component id="oc-270">
         <name>.text.fputs</name>
         <load_address>0x5778</load_address>
         <readonly>true</readonly>
         <executable>true</executable>
         <run_address>0x5778</run_address>
         <size>0xc4</size>
         <alignment>0x4</alignment>
         <input_file_ref idref="fl-8"/>
      </object_component>
      <object_component id="oc-106">
         <name>.text.dmp_set_accel_bias</name>
         <load_address>0x583c</load_address>
         <readonly>true</readonly>
         <executable>true</executable>
         <run_address>0x583c</run_address>
         <size>0xc0</size>
         <alignment>0x4</alignment>
         <input_file_ref idref="fl-c"/>
      </object_component>
      <object_component id="oc-243">
         <name>.text.mpu_read_fifo_stream</name>
         <load_address>0x58fc</load_address>
         <readonly>true</readonly>
         <executable>true</executable>
         <run_address>0x58fc</run_address>
         <size>0xa4</size>
         <alignment>0x4</alignment>
         <input_file_ref idref="fl-b"/>
      </object_component>
      <object_component id="oc-2a1">
         <name>.text</name>
         <load_address>0x59a0</load_address>
         <readonly>true</readonly>
         <executable>true</executable>
         <run_address>0x59a0</run_address>
         <size>0xa2</size>
         <alignment>0x4</alignment>
         <input_file_ref idref="fl-d9"/>
      </object_component>
      <object_component id="oc-215">
         <name>.text.__aeabi_idiv0</name>
         <load_address>0x5a42</load_address>
         <readonly>true</readonly>
         <executable>true</executable>
         <run_address>0x5a42</run_address>
         <size>0x2</size>
         <alignment>0x2</alignment>
         <input_file_ref idref="fl-dd"/>
      </object_component>
      <object_component id="oc-81">
         <name>.text.main</name>
         <load_address>0x5a44</load_address>
         <readonly>true</readonly>
         <executable>true</executable>
         <run_address>0x5a44</run_address>
         <size>0x9c</size>
         <alignment>0x4</alignment>
         <input_file_ref idref="fl-1"/>
      </object_component>
      <object_component id="oc-91">
         <name>.text:memcpy</name>
         <load_address>0x5ae0</load_address>
         <readonly>true</readonly>
         <executable>true</executable>
         <run_address>0x5ae0</run_address>
         <size>0x9a</size>
         <alignment>0x1</alignment>
         <input_file_ref idref="fl-de"/>
      </object_component>
      <object_component id="oc-2d0">
         <name>.text.__aeabi_ldiv0</name>
         <load_address>0x5b7a</load_address>
         <readonly>true</readonly>
         <executable>true</executable>
         <run_address>0x5b7a</run_address>
         <size>0x2</size>
         <alignment>0x2</alignment>
         <input_file_ref idref="fl-dd"/>
      </object_component>
      <object_component id="oc-eb">
         <name>.text.mpu_configure_fifo</name>
         <load_address>0x5b7c</load_address>
         <readonly>true</readonly>
         <executable>true</executable>
         <run_address>0x5b7c</run_address>
         <size>0x94</size>
         <alignment>0x4</alignment>
         <input_file_ref idref="fl-b"/>
      </object_component>
      <object_component id="oc-1b0">
         <name>.text.mpu_set_accel_fsr</name>
         <load_address>0x5c10</load_address>
         <readonly>true</readonly>
         <executable>true</executable>
         <run_address>0x5c10</run_address>
         <size>0x94</size>
         <alignment>0x4</alignment>
         <input_file_ref idref="fl-b"/>
      </object_component>
      <object_component id="oc-fc">
         <name>.text.__mulsf3</name>
         <load_address>0x5ca4</load_address>
         <readonly>true</readonly>
         <executable>true</executable>
         <run_address>0x5ca4</run_address>
         <size>0x8c</size>
         <alignment>0x4</alignment>
         <input_file_ref idref="fl-c4"/>
      </object_component>
      <object_component id="oc-34">
         <name>.text.GROUP1_IRQHandler</name>
         <load_address>0x5d30</load_address>
         <readonly>true</readonly>
         <executable>true</executable>
         <run_address>0x5d30</run_address>
         <size>0x88</size>
         <alignment>0x4</alignment>
         <input_file_ref idref="fl-9"/>
      </object_component>
      <object_component id="oc-1c8">
         <name>.text.__divsf3</name>
         <load_address>0x5db8</load_address>
         <readonly>true</readonly>
         <executable>true</executable>
         <run_address>0x5db8</run_address>
         <size>0x82</size>
         <alignment>0x4</alignment>
         <input_file_ref idref="fl-c5"/>
      </object_component>
      <object_component id="oc-222">
         <name>.text._nop</name>
         <load_address>0x5e3a</load_address>
         <readonly>true</readonly>
         <executable>true</executable>
         <run_address>0x5e3a</run_address>
         <size>0x2</size>
         <alignment>0x2</alignment>
         <input_file_ref idref="fl-3c"/>
      </object_component>
      <object_component id="oc-193">
         <name>.text.DL_TimerA_initPWMMode</name>
         <load_address>0x5e3c</load_address>
         <readonly>true</readonly>
         <executable>true</executable>
         <run_address>0x5e3c</run_address>
         <size>0x80</size>
         <alignment>0x4</alignment>
         <input_file_ref idref="fl-21"/>
      </object_component>
      <object_component id="oc-d1">
         <name>.text.SYSCFG_DL_PWM_0_init</name>
         <load_address>0x5ebc</load_address>
         <readonly>true</readonly>
         <executable>true</executable>
         <run_address>0x5ebc</run_address>
         <size>0x7c</size>
         <alignment>0x4</alignment>
         <input_file_ref idref="fl-2"/>
      </object_component>
      <object_component id="oc-1c">
         <name>.text:decompress:lzss</name>
         <load_address>0x5f38</load_address>
         <readonly>true</readonly>
         <executable>true</executable>
         <run_address>0x5f38</run_address>
         <size>0x78</size>
         <alignment>0x4</alignment>
         <input_file_ref idref="fl-4a"/>
      </object_component>
      <object_component id="oc-134">
         <name>.text.__truncdfsf2</name>
         <load_address>0x5fb0</load_address>
         <readonly>true</readonly>
         <executable>true</executable>
         <run_address>0x5fb0</run_address>
         <size>0x74</size>
         <alignment>0x10</alignment>
         <input_file_ref idref="fl-ce"/>
      </object_component>
      <object_component id="oc-1b1">
         <name>.text.mpu_set_lpf</name>
         <load_address>0x6024</load_address>
         <readonly>true</readonly>
         <executable>true</executable>
         <run_address>0x6024</run_address>
         <size>0x74</size>
         <alignment>0x4</alignment>
         <input_file_ref idref="fl-b"/>
      </object_component>
      <object_component id="oc-282">
         <name>.text.__gedf2</name>
         <load_address>0x6098</load_address>
         <readonly>true</readonly>
         <executable>true</executable>
         <run_address>0x6098</run_address>
         <size>0x70</size>
         <alignment>0x4</alignment>
         <input_file_ref idref="fl-db"/>
      </object_component>
      <object_component id="oc-d3">
         <name>.text.SYSCFG_DL_UART_0_init</name>
         <load_address>0x6108</load_address>
         <readonly>true</readonly>
         <executable>true</executable>
         <run_address>0x6108</run_address>
         <size>0x6c</size>
         <alignment>0x4</alignment>
         <input_file_ref idref="fl-2"/>
      </object_component>
      <object_component id="oc-27c">
         <name>.text.__ledf2</name>
         <load_address>0x6174</load_address>
         <readonly>true</readonly>
         <executable>true</executable>
         <run_address>0x6174</run_address>
         <size>0x6c</size>
         <alignment>0x4</alignment>
         <input_file_ref idref="fl-db"/>
      </object_component>
      <object_component id="oc-f5">
         <name>.text.dmp_set_fifo_rate</name>
         <load_address>0x61e0</load_address>
         <readonly>true</readonly>
         <executable>true</executable>
         <run_address>0x61e0</run_address>
         <size>0x68</size>
         <alignment>0x4</alignment>
         <input_file_ref idref="fl-c"/>
      </object_component>
      <object_component id="oc-1bf">
         <name>.text.mpu_write_mem</name>
         <load_address>0x6248</load_address>
         <readonly>true</readonly>
         <executable>true</executable>
         <run_address>0x6248</run_address>
         <size>0x64</size>
         <alignment>0x4</alignment>
         <input_file_ref idref="fl-b"/>
      </object_component>
      <object_component id="oc-9b">
         <name>.text.MPU6050_initialize</name>
         <load_address>0x62ac</load_address>
         <readonly>true</readonly>
         <executable>true</executable>
         <run_address>0x62ac</run_address>
         <size>0x62</size>
         <alignment>0x2</alignment>
         <input_file_ref idref="fl-6"/>
      </object_component>
      <object_component id="oc-244">
         <name>.text.myget_ms</name>
         <load_address>0x630e</load_address>
         <readonly>true</readonly>
         <executable>true</executable>
         <run_address>0x630e</run_address>
         <size>0x2</size>
         <alignment>0x2</alignment>
         <input_file_ref idref="fl-b"/>
      </object_component>
      <object_component id="oc-24c">
         <name>.text.__aeabi_dcmp</name>
         <load_address>0x6310</load_address>
         <readonly>true</readonly>
         <executable>true</executable>
         <run_address>0x6310</run_address>
         <size>0x62</size>
         <alignment>0x4</alignment>
         <input_file_ref idref="fl-cf"/>
      </object_component>
      <object_component id="oc-11c">
         <name>.text.__aeabi_fcmp</name>
         <load_address>0x6374</load_address>
         <readonly>true</readonly>
         <executable>true</executable>
         <run_address>0x6374</run_address>
         <size>0x62</size>
         <alignment>0x4</alignment>
         <input_file_ref idref="fl-d0"/>
      </object_component>
      <object_component id="oc-cc">
         <name>.text:memset</name>
         <load_address>0x63d6</load_address>
         <readonly>true</readonly>
         <executable>true</executable>
         <run_address>0x63d6</run_address>
         <size>0x62</size>
         <alignment>0x1</alignment>
         <input_file_ref idref="fl-df"/>
      </object_component>
      <object_component id="oc-38">
         <name>.text.UART0_IRQHandler</name>
         <load_address>0x6438</load_address>
         <readonly>true</readonly>
         <executable>true</executable>
         <run_address>0x6438</run_address>
         <size>0x5c</size>
         <alignment>0x4</alignment>
         <input_file_ref idref="fl-8"/>
      </object_component>
      <object_component id="oc-170">
         <name>.text.printf</name>
         <load_address>0x6494</load_address>
         <readonly>true</readonly>
         <executable>true</executable>
         <run_address>0x6494</run_address>
         <size>0x5c</size>
         <alignment>0x4</alignment>
         <input_file_ref idref="fl-31"/>
      </object_component>
      <object_component id="oc-164">
         <name>.text.Set_PWM</name>
         <load_address>0x64f0</load_address>
         <readonly>true</readonly>
         <executable>true</executable>
         <run_address>0x64f0</run_address>
         <size>0x58</size>
         <alignment>0x4</alignment>
         <input_file_ref idref="fl-10"/>
      </object_component>
      <object_component id="oc-16c">
         <name>.text.__aeabi_idivmod</name>
         <load_address>0x6548</load_address>
         <readonly>true</readonly>
         <executable>true</executable>
         <run_address>0x6548</run_address>
         <size>0x56</size>
         <alignment>0x4</alignment>
         <input_file_ref idref="fl-d1"/>
      </object_component>
      <object_component id="oc-f7">
         <name>.text.mpu_get_gyro_sens</name>
         <load_address>0x65a0</load_address>
         <readonly>true</readonly>
         <executable>true</executable>
         <run_address>0x65a0</run_address>
         <size>0x54</size>
         <alignment>0x4</alignment>
         <input_file_ref idref="fl-b"/>
      </object_component>
      <object_component id="oc-1a2">
         <name>.text.DL_UART_init</name>
         <load_address>0x65f4</load_address>
         <readonly>true</readonly>
         <executable>true</executable>
         <run_address>0x65f4</run_address>
         <size>0x48</size>
         <alignment>0x4</alignment>
         <input_file_ref idref="fl-22"/>
      </object_component>
      <object_component id="oc-cd">
         <name>.text.SYSCFG_DL_initPower</name>
         <load_address>0x663c</load_address>
         <readonly>true</readonly>
         <executable>true</executable>
         <run_address>0x663c</run_address>
         <size>0x48</size>
         <alignment>0x4</alignment>
         <input_file_ref idref="fl-2"/>
      </object_component>
      <object_component id="oc-d9">
         <name>.text.IICwriteBits</name>
         <load_address>0x6684</load_address>
         <readonly>true</readonly>
         <executable>true</executable>
         <run_address>0x6684</run_address>
         <size>0x46</size>
         <alignment>0x2</alignment>
         <input_file_ref idref="fl-5"/>
      </object_component>
      <object_component id="oc-13f">
         <name>.text.Complementary_Filter_x</name>
         <load_address>0x66cc</load_address>
         <readonly>true</readonly>
         <executable>true</executable>
         <run_address>0x66cc</run_address>
         <size>0x44</size>
         <alignment>0x4</alignment>
         <input_file_ref idref="fl-a"/>
      </object_component>
      <object_component id="oc-140">
         <name>.text.Complementary_Filter_y</name>
         <load_address>0x6710</load_address>
         <readonly>true</readonly>
         <executable>true</executable>
         <run_address>0x6710</run_address>
         <size>0x44</size>
         <alignment>0x4</alignment>
         <input_file_ref idref="fl-a"/>
      </object_component>
      <object_component id="oc-1aa">
         <name>.text.__aeabi_uidivmod</name>
         <load_address>0x6754</load_address>
         <readonly>true</readonly>
         <executable>true</executable>
         <run_address>0x6754</run_address>
         <size>0x40</size>
         <alignment>0x4</alignment>
         <input_file_ref idref="fl-d6"/>
      </object_component>
      <object_component id="oc-124">
         <name>.text.__extendsfdf2</name>
         <load_address>0x6794</load_address>
         <readonly>true</readonly>
         <executable>true</executable>
         <run_address>0x6794</run_address>
         <size>0x40</size>
         <alignment>0x4</alignment>
         <input_file_ref idref="fl-c7"/>
      </object_component>
      <object_component id="oc-a7">
         <name>.text.delay_ms</name>
         <load_address>0x67d4</load_address>
         <readonly>true</readonly>
         <executable>true</executable>
         <run_address>0x67d4</run_address>
         <size>0x40</size>
         <alignment>0x4</alignment>
         <input_file_ref idref="fl-8"/>
      </object_component>
      <object_component id="oc-16a">
         <name>.text.Angle_PID</name>
         <load_address>0x6814</load_address>
         <readonly>true</readonly>
         <executable>true</executable>
         <run_address>0x6814</run_address>
         <size>0x3e</size>
         <alignment>0x2</alignment>
         <input_file_ref idref="fl-11"/>
      </object_component>
      <object_component id="oc-273">
         <name>.text.__divmoddi4</name>
         <load_address>0x6852</load_address>
         <readonly>true</readonly>
         <executable>true</executable>
         <run_address>0x6852</run_address>
         <size>0x3e</size>
         <alignment>0x2</alignment>
         <input_file_ref idref="fl-dc"/>
      </object_component>
      <object_component id="oc-cf">
         <name>.text.SYSCFG_DL_SYSCTL_init</name>
         <load_address>0x6890</load_address>
         <readonly>true</readonly>
         <executable>true</executable>
         <run_address>0x6890</run_address>
         <size>0x3c</size>
         <alignment>0x4</alignment>
         <input_file_ref idref="fl-2"/>
      </object_component>
      <object_component id="oc-f8">
         <name>.text.__floatsisf</name>
         <load_address>0x68cc</load_address>
         <readonly>true</readonly>
         <executable>true</executable>
         <run_address>0x68cc</run_address>
         <size>0x3c</size>
         <alignment>0x4</alignment>
         <input_file_ref idref="fl-cb"/>
      </object_component>
      <object_component id="oc-1ee">
         <name>.text.__gtsf2</name>
         <load_address>0x6908</load_address>
         <readonly>true</readonly>
         <executable>true</executable>
         <run_address>0x6908</run_address>
         <size>0x3c</size>
         <alignment>0x4</alignment>
         <input_file_ref idref="fl-d8"/>
      </object_component>
      <object_component id="oc-1a8">
         <name>.text.delay_us</name>
         <load_address>0x6944</load_address>
         <readonly>true</readonly>
         <executable>true</executable>
         <run_address>0x6944</run_address>
         <size>0x3c</size>
         <alignment>0x4</alignment>
         <input_file_ref idref="fl-8"/>
      </object_component>
      <object_component id="oc-b4">
         <name>.text:__TI_auto_init_nobinit_nopinit</name>
         <load_address>0x6980</load_address>
         <readonly>true</readonly>
         <executable>true</executable>
         <run_address>0x6980</run_address>
         <size>0x3c</size>
         <alignment>0x4</alignment>
         <input_file_ref idref="fl-45"/>
      </object_component>
      <object_component id="oc-1e9">
         <name>.text.__eqsf2</name>
         <load_address>0x69bc</load_address>
         <readonly>true</readonly>
         <executable>true</executable>
         <run_address>0x69bc</run_address>
         <size>0x3a</size>
         <alignment>0x4</alignment>
         <input_file_ref idref="fl-d8"/>
      </object_component>
      <object_component id="oc-1ce">
         <name>.text.__muldsi3</name>
         <load_address>0x69f8</load_address>
         <readonly>true</readonly>
         <executable>true</executable>
         <run_address>0x69f8</run_address>
         <size>0x3a</size>
         <alignment>0x4</alignment>
         <input_file_ref idref="fl-c3"/>
      </object_component>
      <object_component id="oc-d2">
         <name>.text.SYSCFG_DL_TIMER_0_init</name>
         <load_address>0x6a34</load_address>
         <readonly>true</readonly>
         <executable>true</executable>
         <run_address>0x6a34</run_address>
         <size>0x38</size>
         <alignment>0x4</alignment>
         <input_file_ref idref="fl-2"/>
      </object_component>
      <object_component id="oc-100">
         <name>.text.__fixsfsi</name>
         <load_address>0x6a6c</load_address>
         <readonly>true</readonly>
         <executable>true</executable>
         <run_address>0x6a6c</run_address>
         <size>0x38</size>
         <alignment>0x4</alignment>
         <input_file_ref idref="fl-c9"/>
      </object_component>
      <object_component id="oc-105">
         <name>.text.mpu_get_accel_sens</name>
         <load_address>0x6aa4</load_address>
         <readonly>true</readonly>
         <executable>true</executable>
         <run_address>0x6aa4</run_address>
         <size>0x38</size>
         <alignment>0x4</alignment>
         <input_file_ref idref="fl-b"/>
      </object_component>
      <object_component id="oc-df">
         <name>.text.IICwriteBit</name>
         <load_address>0x6adc</load_address>
         <readonly>true</readonly>
         <executable>true</executable>
         <run_address>0x6adc</run_address>
         <size>0x36</size>
         <alignment>0x2</alignment>
         <input_file_ref idref="fl-5"/>
      </object_component>
      <object_component id="oc-96">
         <name>.text.SYSCFG_DL_init</name>
         <load_address>0x6b14</load_address>
         <readonly>true</readonly>
         <executable>true</executable>
         <run_address>0x6b14</run_address>
         <size>0x34</size>
         <alignment>0x4</alignment>
         <input_file_ref idref="fl-2"/>
      </object_component>
      <object_component id="oc-3e">
         <name>.text.TIMA0_IRQHandler</name>
         <load_address>0x6b48</load_address>
         <readonly>true</readonly>
         <executable>true</executable>
         <run_address>0x6b48</run_address>
         <size>0x34</size>
         <alignment>0x4</alignment>
         <input_file_ref idref="fl-1"/>
      </object_component>
      <object_component id="oc-23b">
         <name>.text.mpu_get_accel_fsr</name>
         <load_address>0x6b7c</load_address>
         <readonly>true</readonly>
         <executable>true</executable>
         <run_address>0x6b7c</run_address>
         <size>0x34</size>
         <alignment>0x4</alignment>
         <input_file_ref idref="fl-b"/>
      </object_component>
      <object_component id="oc-271">
         <name>.text.fputc</name>
         <load_address>0x6bb0</load_address>
         <readonly>true</readonly>
         <executable>true</executable>
         <run_address>0x6bb0</run_address>
         <size>0x2c</size>
         <alignment>0x4</alignment>
         <input_file_ref idref="fl-8"/>
      </object_component>
      <object_component id="oc-237">
         <name>.text.__floatunsisf</name>
         <load_address>0x6bdc</load_address>
         <readonly>true</readonly>
         <executable>true</executable>
         <run_address>0x6bdc</run_address>
         <size>0x28</size>
         <alignment>0x4</alignment>
         <input_file_ref idref="fl-cc"/>
      </object_component>
      <object_component id="oc-5e">
         <name>.text:_c_int00_noargs</name>
         <load_address>0x6c04</load_address>
         <readonly>true</readonly>
         <executable>true</executable>
         <run_address>0x6c04</run_address>
         <size>0x28</size>
         <alignment>0x4</alignment>
         <input_file_ref idref="fl-43"/>
      </object_component>
      <object_component id="oc-111">
         <name>.text.Angle_PID_init</name>
         <load_address>0x6c2c</load_address>
         <readonly>true</readonly>
         <executable>true</executable>
         <run_address>0x6c2c</run_address>
         <size>0x24</size>
         <alignment>0x4</alignment>
         <input_file_ref idref="fl-11"/>
      </object_component>
      <object_component id="oc-1d4">
         <name>.text.__muldi3</name>
         <load_address>0x6c50</load_address>
         <readonly>true</readonly>
         <executable>true</executable>
         <run_address>0x6c50</run_address>
         <size>0x24</size>
         <alignment>0x4</alignment>
         <input_file_ref idref="fl-cd"/>
      </object_component>
      <object_component id="oc-289">
         <name>.text.memccpy</name>
         <load_address>0x6c74</load_address>
         <readonly>true</readonly>
         <executable>true</executable>
         <run_address>0x6c74</run_address>
         <size>0x22</size>
         <alignment>0x2</alignment>
         <input_file_ref idref="fl-41"/>
      </object_component>
      <object_component id="oc-1ae">
         <name>.text.DL_UART_transmitDataBlocking</name>
         <load_address>0x6c98</load_address>
         <readonly>true</readonly>
         <executable>true</executable>
         <run_address>0x6c98</run_address>
         <size>0x20</size>
         <alignment>0x4</alignment>
         <input_file_ref idref="fl-22"/>
      </object_component>
      <object_component id="oc-2d1">
         <name>.text.__ashldi3</name>
         <load_address>0x6cb8</load_address>
         <readonly>true</readonly>
         <executable>true</executable>
         <run_address>0x6cb8</run_address>
         <size>0x1e</size>
         <alignment>0x4</alignment>
         <input_file_ref idref="fl-da"/>
      </object_component>
      <object_component id="oc-195">
         <name>.text.DL_Timer_setCaptCompUpdateMethod</name>
         <load_address>0x6cd8</load_address>
         <readonly>true</readonly>
         <executable>true</executable>
         <run_address>0x6cd8</run_address>
         <size>0x1c</size>
         <alignment>0x4</alignment>
         <input_file_ref idref="fl-21"/>
      </object_component>
      <object_component id="oc-18d">
         <name>.text.DL_Timer_setClockConfig</name>
         <load_address>0x6cf4</load_address>
         <readonly>true</readonly>
         <executable>true</executable>
         <run_address>0x6cf4</run_address>
         <size>0x1c</size>
         <alignment>0x4</alignment>
         <input_file_ref idref="fl-21"/>
      </object_component>
      <object_component id="oc-d4">
         <name>.text.SYSCFG_DL_SYSTICK_init</name>
         <load_address>0x6d10</load_address>
         <readonly>true</readonly>
         <executable>true</executable>
         <run_address>0x6d10</run_address>
         <size>0x1c</size>
         <alignment>0x4</alignment>
         <input_file_ref idref="fl-2"/>
      </object_component>
      <object_component id="oc-ed">
         <name>.text.dmp_load_motion_driver_firmware</name>
         <load_address>0x6d2c</load_address>
         <readonly>true</readonly>
         <executable>true</executable>
         <run_address>0x6d2c</run_address>
         <size>0x1c</size>
         <alignment>0x4</alignment>
         <input_file_ref idref="fl-c"/>
      </object_component>
      <object_component id="oc-194">
         <name>.text.DL_Timer_setCaptureCompareOutCtl</name>
         <load_address>0x6d48</load_address>
         <readonly>true</readonly>
         <executable>true</executable>
         <run_address>0x6d48</run_address>
         <size>0x18</size>
         <alignment>0x4</alignment>
         <input_file_ref idref="fl-21"/>
      </object_component>
      <object_component id="oc-55">
         <name>.text:decompress:ZI:__TI_zero_init_nomemset</name>
         <load_address>0x6d60</load_address>
         <readonly>true</readonly>
         <executable>true</executable>
         <run_address>0x6d60</run_address>
         <size>0x16</size>
         <alignment>0x2</alignment>
         <input_file_ref idref="fl-48"/>
      </object_component>
      <object_component id="oc-23c">
         <name>.text.__aeabi_ldivmod</name>
         <load_address>0x6d78</load_address>
         <readonly>true</readonly>
         <executable>true</executable>
         <run_address>0x6d78</run_address>
         <size>0x14</size>
         <alignment>0x4</alignment>
         <input_file_ref idref="fl-d2"/>
      </object_component>
      <object_component id="oc-19c">
         <name>.text.DL_UART_setClockConfig</name>
         <load_address>0x6d8c</load_address>
         <readonly>true</readonly>
         <executable>true</executable>
         <run_address>0x6d8c</run_address>
         <size>0x12</size>
         <alignment>0x2</alignment>
         <input_file_ref idref="fl-22"/>
      </object_component>
      <object_component id="oc-20">
         <name>.text:decompress:none</name>
         <load_address>0x6d9e</load_address>
         <readonly>true</readonly>
         <executable>true</executable>
         <run_address>0x6d9e</run_address>
         <size>0x12</size>
         <alignment>0x2</alignment>
         <input_file_ref idref="fl-49"/>
      </object_component>
      <object_component id="oc-a2">
         <name>.text.Angle_init</name>
         <load_address>0x6db0</load_address>
         <readonly>true</readonly>
         <executable>true</executable>
         <run_address>0x6db0</run_address>
         <size>0x10</size>
         <alignment>0x4</alignment>
         <input_file_ref idref="fl-f"/>
      </object_component>
      <object_component id="oc-196">
         <name>.text.DL_Timer_setCaptureCompareValue</name>
         <load_address>0x6dc0</load_address>
         <readonly>true</readonly>
         <executable>true</executable>
         <run_address>0x6dc0</run_address>
         <size>0x10</size>
         <alignment>0x4</alignment>
         <input_file_ref idref="fl-21"/>
      </object_component>
      <object_component id="oc-288">
         <name>.text.__aeabi_memset</name>
         <load_address>0x6dd0</load_address>
         <readonly>true</readonly>
         <executable>true</executable>
         <run_address>0x6dd0</run_address>
         <size>0xe</size>
         <alignment>0x4</alignment>
         <input_file_ref idref="fl-d5"/>
      </object_component>
      <object_component id="oc-287">
         <name>.text.strlen</name>
         <load_address>0x6dde</load_address>
         <readonly>true</readonly>
         <executable>true</executable>
         <run_address>0x6dde</run_address>
         <size>0xe</size>
         <alignment>0x2</alignment>
         <input_file_ref idref="fl-32"/>
      </object_component>
      <object_component id="oc-189">
         <name>.text.DL_Common_delayCycles</name>
         <load_address>0x6dec</load_address>
         <readonly>true</readonly>
         <executable>true</executable>
         <run_address>0x6dec</run_address>
         <size>0xa</size>
         <alignment>0x2</alignment>
         <input_file_ref idref="fl-20"/>
      </object_component>
      <object_component id="oc-257">
         <name>.text.OUTLINED_FUNCTION_0</name>
         <load_address>0x6df6</load_address>
         <readonly>true</readonly>
         <executable>true</executable>
         <run_address>0x6df6</run_address>
         <size>0xa</size>
         <alignment>0x2</alignment>
         <input_file_ref idref="fl-35"/>
      </object_component>
      <object_component id="oc-329">
         <name>.tramp.__aeabi_dmul.1</name>
         <load_address>0x6e00</load_address>
         <readonly>true</readonly>
         <executable>true</executable>
         <run_address>0x6e00</run_address>
         <size>0x10</size>
         <alignment>0x4</alignment>
         <input_file_ref idref="fl-c2"/>
      </object_component>
      <object_component id="oc-25d">
         <name>.text.OUTLINED_FUNCTION_0</name>
         <load_address>0x6e10</load_address>
         <readonly>true</readonly>
         <executable>true</executable>
         <run_address>0x6e10</run_address>
         <size>0xa</size>
         <alignment>0x2</alignment>
         <input_file_ref idref="fl-38"/>
      </object_component>
      <object_component id="oc-250">
         <name>.text.OUTLINED_FUNCTION_1</name>
         <load_address>0x6e1a</load_address>
         <readonly>true</readonly>
         <executable>true</executable>
         <run_address>0x6e1a</run_address>
         <size>0xa</size>
         <alignment>0x2</alignment>
         <input_file_ref idref="fl-35"/>
      </object_component>
      <object_component id="oc-25e">
         <name>.text.OUTLINED_FUNCTION_2</name>
         <load_address>0x6e24</load_address>
         <readonly>true</readonly>
         <executable>true</executable>
         <run_address>0x6e24</run_address>
         <size>0x8</size>
         <alignment>0x2</alignment>
         <input_file_ref idref="fl-38"/>
      </object_component>
      <object_component id="oc-247">
         <name>.text.__aeabi_errno_addr</name>
         <load_address>0x6e2c</load_address>
         <readonly>true</readonly>
         <executable>true</executable>
         <run_address>0x6e2c</run_address>
         <size>0x8</size>
         <alignment>0x4</alignment>
         <input_file_ref idref="fl-3b"/>
      </object_component>
      <object_component id="oc-4e">
         <name>.text.__aeabi_memcpy</name>
         <load_address>0x6e34</load_address>
         <readonly>true</readonly>
         <executable>true</executable>
         <run_address>0x6e34</run_address>
         <size>0x8</size>
         <alignment>0x4</alignment>
         <input_file_ref idref="fl-d3"/>
      </object_component>
      <object_component id="oc-21f">
         <name>.text._outc</name>
         <load_address>0x6e3c</load_address>
         <readonly>true</readonly>
         <executable>true</executable>
         <run_address>0x6e3c</run_address>
         <size>0x8</size>
         <alignment>0x2</alignment>
         <input_file_ref idref="fl-31"/>
      </object_component>
      <object_component id="oc-21e">
         <name>.text._outs</name>
         <load_address>0x6e44</load_address>
         <readonly>true</readonly>
         <executable>true</executable>
         <run_address>0x6e44</run_address>
         <size>0x8</size>
         <alignment>0x2</alignment>
         <input_file_ref idref="fl-31"/>
      </object_component>
      <object_component id="oc-25c">
         <name>.text.OUTLINED_FUNCTION_1</name>
         <load_address>0x6e4c</load_address>
         <readonly>true</readonly>
         <executable>true</executable>
         <run_address>0x6e4c</run_address>
         <size>0x6</size>
         <alignment>0x2</alignment>
         <input_file_ref idref="fl-38"/>
      </object_component>
      <object_component id="oc-32a">
         <name>.tramp.__aeabi_dadd.1</name>
         <load_address>0x6e54</load_address>
         <readonly>true</readonly>
         <executable>true</executable>
         <run_address>0x6e54</run_address>
         <size>0x10</size>
         <alignment>0x4</alignment>
         <input_file_ref idref="fl-c1"/>
      </object_component>
      <object_component id="oc-251">
         <name>.text.OUTLINED_FUNCTION_2</name>
         <load_address>0x6e64</load_address>
         <readonly>true</readonly>
         <executable>true</executable>
         <run_address>0x6e64</run_address>
         <size>0x6</size>
         <alignment>0x2</alignment>
         <input_file_ref idref="fl-35"/>
      </object_component>
      <object_component id="oc-256">
         <name>.text.OUTLINED_FUNCTION_3</name>
         <load_address>0x6e6a</load_address>
         <readonly>true</readonly>
         <executable>true</executable>
         <run_address>0x6e6a</run_address>
         <size>0x4</size>
         <alignment>0x2</alignment>
         <input_file_ref idref="fl-35"/>
      </object_component>
      <object_component id="oc-2f">
         <name>.text.Reset_Handler</name>
         <load_address>0x6e6e</load_address>
         <readonly>true</readonly>
         <executable>true</executable>
         <run_address>0x6e6e</run_address>
         <size>0x4</size>
         <alignment>0x2</alignment>
         <input_file_ref idref="fl-3"/>
      </object_component>
      <object_component id="oc-7d">
         <name>.text._system_pre_init</name>
         <load_address>0x6e72</load_address>
         <readonly>true</readonly>
         <executable>true</executable>
         <run_address>0x6e72</run_address>
         <size>0x4</size>
         <alignment>0x2</alignment>
         <input_file_ref idref="fl-46"/>
      </object_component>
      <object_component id="oc-ad">
         <name>.text:abort</name>
         <load_address>0x6e76</load_address>
         <readonly>true</readonly>
         <executable>true</executable>
         <run_address>0x6e76</run_address>
         <size>0x4</size>
         <alignment>0x2</alignment>
         <input_file_ref idref="fl-4f"/>
      </object_component>
      <object_component id="oc-325">
         <name>.cinit..data.load</name>
         <load_address>0x7d78</load_address>
         <readonly>true</readonly>
         <run_address>0x7d78</run_address>
         <size>0x55</size>
         <alignment>0x1</alignment>
      </object_component>
      <object_component id="oc-323">
         <name>__TI_handler_table</name>
         <load_address>0x7dd0</load_address>
         <readonly>true</readonly>
         <run_address>0x7dd0</run_address>
         <size>0xc</size>
         <alignment>0x4</alignment>
      </object_component>
      <object_component id="oc-326">
         <name>.cinit..bss.load</name>
         <load_address>0x7ddc</load_address>
         <readonly>true</readonly>
         <run_address>0x7ddc</run_address>
         <size>0x8</size>
         <alignment>0x4</alignment>
      </object_component>
      <object_component id="oc-324">
         <name>__TI_cinit_table</name>
         <load_address>0x7de4</load_address>
         <readonly>true</readonly>
         <run_address>0x7de4</run_address>
         <size>0x10</size>
         <alignment>0x4</alignment>
      </object_component>
      <object_component id="oc-1bc">
         <name>.rodata.dmp_memory</name>
         <load_address>0x6e80</load_address>
         <readonly>true</readonly>
         <run_address>0x6e80</run_address>
         <size>0xbf6</size>
         <alignment>0x1</alignment>
         <input_file_ref idref="fl-c"/>
      </object_component>
      <object_component id="oc-1b6">
         <name>.rodata.str1.138685725898457695251</name>
         <load_address>0x7a76</load_address>
         <readonly>true</readonly>
         <run_address>0x7a76</run_address>
         <size>0x4d</size>
         <alignment>0x1</alignment>
         <input_file_ref idref="fl-b"/>
      </object_component>
      <object_component id="oc-1c1">
         <name>.rodata..L__const.dmp_set_orientation.accel_axes</name>
         <load_address>0x7ac3</load_address>
         <readonly>true</readonly>
         <run_address>0x7ac3</run_address>
         <size>0x3</size>
         <alignment>0x1</alignment>
         <input_file_ref idref="fl-c"/>
      </object_component>
      <object_component id="oc-1a3">
         <name>.rodata.gUART_0ClockConfig</name>
         <load_address>0x7ac6</load_address>
         <readonly>true</readonly>
         <run_address>0x7ac6</run_address>
         <size>0x2</size>
         <alignment>0x1</alignment>
         <input_file_ref idref="fl-2"/>
      </object_component>
      <object_component id="oc-25f">
         <name>.rodata.cst32</name>
         <load_address>0x7ac8</load_address>
         <readonly>true</readonly>
         <run_address>0x7ac8</run_address>
         <size>0x40</size>
         <alignment>0x8</alignment>
         <input_file_ref idref="fl-38"/>
      </object_component>
      <object_component id="oc-10b">
         <name>.rodata.str1.10307051655328846921</name>
         <load_address>0x7b08</load_address>
         <readonly>true</readonly>
         <run_address>0x7b08</run_address>
         <size>0x31</size>
         <alignment>0x1</alignment>
         <input_file_ref idref="fl-6"/>
      </object_component>
      <object_component id="oc-1c0">
         <name>.rodata..L__const.dmp_set_orientation.gyro_axes</name>
         <load_address>0x7b39</load_address>
         <readonly>true</readonly>
         <run_address>0x7b39</run_address>
         <size>0x3</size>
         <alignment>0x1</alignment>
         <input_file_ref idref="fl-c"/>
      </object_component>
      <object_component id="oc-236">
         <name>.rodata.test</name>
         <load_address>0x7b3c</load_address>
[...]
      </symbol>
      <symbol id="sm-230">
         <name>Line_Control</name>
         <value>0xfd1</value>
         <object_component_ref idref="oc-ac"/>
      </symbol>
      <symbol id="sm-231">
         <name>abcd</name>
         <value>0x20200447</value>
         <object_component_ref idref="oc-163"/>
      </symbol>
      <symbol id="sm-232">
         <name>pwma</name>
         <value>0x20200424</value>
         <object_component_ref idref="oc-177"/>
      </symbol>
      <symbol id="sm-233">
         <name>pwmb</name>
         <value>0x20200428</value>
         <object_component_ref idref="oc-179"/>
      </symbol>
      <symbol id="sm-234">
         <name>ENCODER</name>
         <value>0x202003e8</value>
         <object_component_ref idref="oc-17a"/>
      </symbol>
      <symbol id="sm-235">
         <name>Angle_init</name>
         <value>0x6db1</value>
         <object_component_ref idref="oc-a2"/>
      </symbol>
      <symbol id="sm-240">
         <name>Set_PWM</name>
         <value>0x64f1</value>
         <object_component_ref idref="oc-164"/>
      </symbol>
      <symbol id="sm-24d">
         <name>Angle_PID_init</name>
         <value>0x6c2d</value>
         <object_component_ref idref="oc-111"/>
      </symbol>
      <symbol id="sm-24e">
         <name>Angle_PID</name>
         <value>0x6815</value>
         <object_component_ref idref="oc-16a"/>
      </symbol>
      <symbol id="sm-250">
         <name>__TI_ATRegion0_src_addr</name>
         <value>0x0</value>
      </symbol>
      <symbol id="sm-251">
         <name>__TI_ATRegion0_trg_addr</name>
         <value>0x0</value>
      </symbol>
      <symbol id="sm-252">
         <name>__TI_ATRegion0_region_sz</name>
         <value>0x0</value>
      </symbol>
      <symbol id="sm-253">
         <name>__TI_ATRegion1_src_addr</name>
         <value>0x0</value>
      </symbol>
      <symbol id="sm-254">
         <name>__TI_ATRegion1_trg_addr</name>
         <value>0x0</value>
      </symbol>
      <symbol id="sm-255">
         <name>__TI_ATRegion1_region_sz</name>
         <value>0x0</value>
      </symbol>
      <symbol id="sm-256">
         <name>__TI_ATRegion2_src_addr</name>
         <value>0x0</value>
      </symbol>
      <symbol id="sm-257">
         <name>__TI_ATRegion2_trg_addr</name>
         <value>0x0</value>
      </symbol>
      <symbol id="sm-258">
         <name>__TI_ATRegion2_region_sz</name>
         <value>0x0</value>
      </symbol>
      <symbol id="sm-261">
         <name>DL_Common_delayCycles</name>
         <value>0x6ded</value>
         <object_component_ref idref="oc-189"/>
      </symbol>
      <symbol id="sm-280">
         <name>DL_Timer_setClockConfig</name>
         <value>0x6cf5</value>
         <object_component_ref idref="oc-18d"/>
      </symbol>
      <symbol id="sm-281">
         <name>DL_Timer_initTimerMode</name>
         <value>0x4f11</value>
         <object_component_ref idref="oc-199"/>
      </symbol>
      <symbol id="sm-282">
         <name>DL_Timer_setCaptureCompareValue</name>
         <value>0x6dc1</value>
         <object_component_ref idref="oc-196"/>
      </symbol>
      <symbol id="sm-283">
         <name>DL_Timer_initPWMMode</name>
         <value>0x56b5</value>
         <object_component_ref idref="oc-230"/>
      </symbol>
      <symbol id="sm-284">
         <name>DL_Timer_setCaptureCompareOutCtl</name>
         <value>0x6d49</value>
         <object_component_ref idref="oc-194"/>
      </symbol>
      <symbol id="sm-285">
         <name>DL_Timer_setCaptCompUpdateMethod</name>
         <value>0x6cd9</value>
         <object_component_ref idref="oc-195"/>
      </symbol>
      <symbol id="sm-286">
         <name>DL_TimerA_initPWMMode</name>
         <value>0x5e3d</value>
         <object_component_ref idref="oc-193"/>
      </symbol>
      <symbol id="sm-296">
         <name>DL_UART_init</name>
         <value>0x65f5</value>
         <object_component_ref idref="oc-1a2"/>
      </symbol>
      <symbol id="sm-297">
         <name>DL_UART_setClockConfig</name>
         <value>0x6d8d</value>
         <object_component_ref idref="oc-19c"/>
      </symbol>
      <symbol id="sm-298">
         <name>DL_UART_transmitDataBlocking</name>
         <value>0x6c99</value>
         <object_component_ref idref="oc-1ae"/>
      </symbol>
      <symbol id="sm-2a9">
         <name>printf</name>
         <value>0x6495</value>
         <object_component_ref idref="oc-170"/>
      </symbol>
      <symbol id="sm-2bf">
         <name>__TI_printfi_minimal</name>
         <value>0x345d</value>
         <object_component_ref idref="oc-265"/>
      </symbol>
      <symbol id="sm-2d8">
         <name>asin</name>
         <value>0x24e5</value>
         <object_component_ref idref="oc-1dc"/>
      </symbol>
      <symbol id="sm-2d9">
         <name>asinl</name>
         <value>0x24e5</value>
         <object_component_ref idref="oc-1dc"/>
      </symbol>
      <symbol id="sm-2e7">
         <name>atan2</name>
         <value>0x3ca1</value>
         <object_component_ref idref="oc-128"/>
      </symbol>
      <symbol id="sm-2e8">
         <name>atan2l</name>
         <value>0x3ca1</value>
         <object_component_ref idref="oc-128"/>
      </symbol>
      <symbol id="sm-2f2">
         <name>sqrt</name>
         <value>0x3fcd</value>
         <object_component_ref idref="oc-252"/>
      </symbol>
      <symbol id="sm-2f3">
         <name>sqrtl</name>
         <value>0x3fcd</value>
         <object_component_ref idref="oc-252"/>
      </symbol>
      <symbol id="sm-30a">
         <name>atan</name>
         <value>0x2ec9</value>
         <object_component_ref idref="oc-1f6"/>
      </symbol>
      <symbol id="sm-30b">
         <name>atanl</name>
         <value>0x2ec9</value>
         <object_component_ref idref="oc-1f6"/>
      </symbol>
      <symbol id="sm-318">
         <name>__aeabi_errno_addr</name>
         <value>0x6e2d</value>
         <object_component_ref idref="oc-247"/>
      </symbol>
      <symbol id="sm-319">
         <name>__aeabi_errno</name>
         <value>0x2020040c</value>
         <object_component_ref idref="oc-278"/>
      </symbol>
      <symbol id="sm-322">
         <name>_nop</name>
         <value>0x5e3b</value>
         <object_component_ref idref="oc-222"/>
      </symbol>
      <symbol id="sm-323">
         <name>_lock</name>
         <value>0x20200410</value>
         <object_component_ref idref="oc-17e"/>
      </symbol>
      <symbol id="sm-324">
         <name>_unlock</name>
         <value>0x20200414</value>
         <object_component_ref idref="oc-181"/>
      </symbol>
      <symbol id="sm-32c">
         <name>_ftable</name>
         <value>0x20200240</value>
         <object_component_ref idref="oc-21c"/>
      </symbol>
      <symbol id="sm-335">
         <name>memccpy</name>
         <value>0x6c75</value>
         <object_component_ref idref="oc-289"/>
      </symbol>
      <symbol id="sm-341">
         <name>_c_int00_noargs</name>
         <value>0x6c05</value>
         <object_component_ref idref="oc-5e"/>
      </symbol>
      <symbol id="sm-342">
         <name>__stack</name>
         <value>0x20207e00</value>
         <object_component_ref idref="oc-1a"/>
      </symbol>
      <symbol id="sm-34e">
         <name>__TI_auto_init_nobinit_nopinit</name>
         <value>0x6981</value>
         <object_component_ref idref="oc-b4"/>
      </symbol>
      <symbol id="sm-356">
         <name>_system_pre_init</name>
         <value>0x6e73</value>
         <object_component_ref idref="oc-7d"/>
      </symbol>
      <symbol id="sm-361">
         <name>__TI_zero_init_nomemset</name>
         <value>0x6d61</value>
         <object_component_ref idref="oc-55"/>
      </symbol>
      <symbol id="sm-36a">
         <name>__TI_decompress_none</name>
         <value>0x6d9f</value>
         <object_component_ref idref="oc-20"/>
      </symbol>
      <symbol id="sm-375">
         <name>__TI_decompress_lzss</name>
         <value>0x5f39</value>
         <object_component_ref idref="oc-1c"/>
      </symbol>
      <symbol id="sm-382">
         <name>abort</name>
         <value>0x6e77</value>
         <object_component_ref idref="oc-ad"/>
      </symbol>
      <symbol id="sm-383">
         <name>C$$EXIT</name>
         <value>0x6e76</value>
         <object_component_ref idref="oc-ad"/>
      </symbol>
      <symbol id="sm-394">
         <name>__aeabi_fadd</name>
         <value>0x5383</value>
         <object_component_ref idref="oc-120"/>
      </symbol>
      <symbol id="sm-395">
         <name>__addsf3</name>
         <value>0x5383</value>
         <object_component_ref idref="oc-120"/>
      </symbol>
      <symbol id="sm-396">
         <name>__aeabi_fsub</name>
         <value>0x5379</value>
         <object_component_ref idref="oc-120"/>
      </symbol>
      <symbol id="sm-397">
         <name>__subsf3</name>
         <value>0x5379</value>
         <object_component_ref idref="oc-120"/>
      </symbol>
      <symbol id="sm-39d">
         <name>__aeabi_dadd</name>
         <value>0x3e43</value>
         <object_component_ref idref="oc-1f2"/>
      </symbol>
      <symbol id="sm-39e">
         <name>__adddf3</name>
         <value>0x3e43</value>
         <object_component_ref idref="oc-1f2"/>
      </symbol>
      <symbol id="sm-39f">
         <name>__aeabi_dsub</name>
         <value>0x3e39</value>
         <object_component_ref idref="oc-1f2"/>
      </symbol>
      <symbol id="sm-3a0">
         <name>__subdf3</name>
         <value>0x3e39</value>
         <object_component_ref idref="oc-1f2"/>
      </symbol>
      <symbol id="sm-3a9">
         <name>__aeabi_dmul</name>
         <value>0x4ff9</value>
         <object_component_ref idref="oc-12c"/>
      </symbol>
      <symbol id="sm-3aa">
         <name>__muldf3</name>
         <value>0x4ff9</value>
         <object_component_ref idref="oc-12c"/>
      </symbol>
      <symbol id="sm-3b3">
         <name>__muldsi3</name>
         <value>0x69f9</value>
         <object_component_ref idref="oc-1ce"/>
      </symbol>
      <symbol id="sm-3b9">
         <name>__aeabi_fmul</name>
         <value>0x5ca5</value>
         <object_component_ref idref="oc-fc"/>
      </symbol>
      <symbol id="sm-3ba">
         <name>__mulsf3</name>
         <value>0x5ca5</value>
         <object_component_ref idref="oc-fc"/>
      </symbol>
      <symbol id="sm-3c0">
         <name>__aeabi_fdiv</name>
         <value>0x5db9</value>
         <object_component_ref idref="oc-1c8"/>
      </symbol>
      <symbol id="sm-3c1">
         <name>__divsf3</name>
         <value>0x5db9</value>
         <object_component_ref idref="oc-1c8"/>
      </symbol>
      <symbol id="sm-3c7">
         <name>__aeabi_ddiv</name>
         <value>0x4c25</value>
         <object_component_ref idref="oc-130"/>
      </symbol>
      <symbol id="sm-3c8">
         <name>__divdf3</name>
         <value>0x4c25</value>
         <object_component_ref idref="oc-130"/>
      </symbol>
      <symbol id="sm-3ce">
         <name>__aeabi_f2d</name>
         <value>0x6795</value>
         <object_component_ref idref="oc-124"/>
      </symbol>
      <symbol id="sm-3cf">
         <name>__extendsfdf2</name>
         <value>0x6795</value>
         <object_component_ref idref="oc-124"/>
      </symbol>
      <symbol id="sm-3d5">
         <name>__aeabi_f2iz</name>
         <value>0x6a6d</value>
         <object_component_ref idref="oc-100"/>
      </symbol>
      <symbol id="sm-3d6">
         <name>__fixsfsi</name>
         <value>0x6a6d</value>
         <object_component_ref idref="oc-100"/>
      </symbol>
      <symbol id="sm-3dc">
         <name>__aeabi_i2f</name>
         <value>0x68cd</value>
         <object_component_ref idref="oc-f8"/>
      </symbol>
      <symbol id="sm-3dd">
         <name>__floatsisf</name>
         <value>0x68cd</value>
         <object_component_ref idref="oc-f8"/>
      </symbol>
      <symbol id="sm-3e3">
         <name>__aeabi_ui2f</name>
         <value>0x6bdd</value>
         <object_component_ref idref="oc-237"/>
      </symbol>
      <symbol id="sm-3e4">
         <name>__floatunsisf</name>
         <value>0x6bdd</value>
         <object_component_ref idref="oc-237"/>
      </symbol>
      <symbol id="sm-3ea">
         <name>__aeabi_lmul</name>
         <value>0x6c51</value>
         <object_component_ref idref="oc-1d4"/>
      </symbol>
      <symbol id="sm-3eb">
         <name>__muldi3</name>
         <value>0x6c51</value>
         <object_component_ref idref="oc-1d4"/>
      </symbol>
      <symbol id="sm-3f2">
         <name>__aeabi_d2f</name>
         <value>0x5fb1</value>
         <object_component_ref idref="oc-134"/>
      </symbol>
      <symbol id="sm-3f3">
         <name>__truncdfsf2</name>
         <value>0x5fb1</value>
         <object_component_ref idref="oc-134"/>
      </symbol>
      <symbol id="sm-3f9">
         <name>__aeabi_dcmpeq</name>
         <value>0x6311</value>
         <object_component_ref idref="oc-24c"/>
      </symbol>
      <symbol id="sm-3fa">
         <name>__aeabi_dcmplt</name>
         <value>0x6325</value>
         <object_component_ref idref="oc-24c"/>
      </symbol>
      <symbol id="sm-3fb">
         <name>__aeabi_dcmple</name>
         <value>0x6339</value>
         <object_component_ref idref="oc-24c"/>
      </symbol>
      <symbol id="sm-3fc">
         <name>__aeabi_dcmpge</name>
         <value>0x634d</value>
         <object_component_ref idref="oc-24c"/>
      </symbol>
      <symbol id="sm-3fd">
         <name>__aeabi_dcmpgt</name>
         <value>0x6361</value>
         <object_component_ref idref="oc-24c"/>
      </symbol>
      <symbol id="sm-403">
         <name>__aeabi_fcmpeq</name>
         <value>0x6375</value>
         <object_component_ref idref="oc-11c"/>
      </symbol>
      <symbol id="sm-404">
         <name>__aeabi_fcmplt</name>
         <value>0x6389</value>
         <object_component_ref idref="oc-11c"/>
      </symbol>
      <symbol id="sm-405">
         <name>__aeabi_fcmple</name>
         <value>0x639d</value>
         <object_component_ref idref="oc-11c"/>
      </symbol>
      <symbol id="sm-406">
         <name>__aeabi_fcmpge</name>
         <value>0x63b1</value>
         <object_component_ref idref="oc-11c"/>
      </symbol>
      <symbol id="sm-407">
         <name>__aeabi_fcmpgt</name>
         <value>0x63c5</value>
         <object_component_ref idref="oc-11c"/>
      </symbol>
      <symbol id="sm-40d">
         <name>__aeabi_idiv</name>
         <value>0x6549</value>
         <object_component_ref idref="oc-16c"/>
      </symbol>
      <symbol id="sm-40e">
         <name>__aeabi_idivmod</name>
         <value>0x6549</value>
         <object_component_ref idref="oc-16c"/>
      </symbol>
      <symbol id="sm-414">
         <name>__aeabi_ldivmod</name>
         <value>0x6d79</value>
         <object_component_ref idref="oc-23c"/>
      </symbol>
      <symbol id="sm-41a">
         <name>__aeabi_memcpy</name>
         <value>0x6e35</value>
         <object_component_ref idref="oc-4e"/>
      </symbol>
      <symbol id="sm-41b">
         <name>__aeabi_memcpy4</name>
         <value>0x6e35</value>
         <object_component_ref idref="oc-4e"/>
      </symbol>
      <symbol id="sm-41c">
         <name>__aeabi_memcpy8</name>
         <value>0x6e35</value>
         <object_component_ref idref="oc-4e"/>
      </symbol>
      <symbol id="sm-423">
         <name>__aeabi_memset</name>
         <value>0x6dd1</value>
         <object_component_ref idref="oc-288"/>
      </symbol>
      <symbol id="sm-424">
         <name>__aeabi_memset4</name>
         <value>0x6dd1</value>
         <object_component_ref idref="oc-288"/>
      </symbol>
      <symbol id="sm-425">
         <name>__aeabi_memset8</name>
         <value>0x6dd1</value>
         <object_component_ref idref="oc-288"/>
      </symbol>
      <symbol id="sm-42b">
         <name>__aeabi_uidiv</name>
         <value>0x6755</value>
         <object_component_ref idref="oc-1aa"/>
      </symbol>
      <symbol id="sm-42c">
         <name>__aeabi_uidivmod</name>
         <value>0x6755</value>
         <object_component_ref idref="oc-1aa"/>
      </symbol>
      <symbol id="sm-435">
         <name>__eqsf2</name>
         <value>0x69bd</value>
         <object_component_ref idref="oc-1e9"/>
      </symbol>
      <symbol id="sm-436">
         <name>__lesf2</name>
         <value>0x69bd</value>
         <object_component_ref idref="oc-1e9"/>
      </symbol>
      <symbol id="sm-437">
         <name>__ltsf2</name>
         <value>0x69bd</value>
         <object_component_ref idref="oc-1e9"/>
      </symbol>
      <symbol id="sm-438">
         <name>__nesf2</name>
         <value>0x69bd</value>
         <object_component_ref idref="oc-1e9"/>
      </symbol>
      <symbol id="sm-439">
         <name>__cmpsf2</name>
         <value>0x69bd</value>
         <object_component_ref idref="oc-1e9"/>
      </symbol>
      <symbol id="sm-43a">
         <name>__gtsf2</name>
         <value>0x6909</value>
         <object_component_ref idref="oc-1ee"/>
      </symbol>
      <symbol id="sm-43b">
         <name>__gesf2</name>
         <value>0x6909</value>
         <object_component_ref idref="oc-1ee"/>
      </symbol>
      <symbol id="sm-441">
         <name>__udivmoddi4</name>
         <value>0x59a1</value>
         <object_component_ref idref="oc-2a1"/>
      </symbol>
      <symbol id="sm-447">
         <name>__aeabi_llsl</name>
         <value>0x6cb9</value>
         <object_component_ref idref="oc-2d1"/>
      </symbol>
      <symbol id="sm-448">
         <name>__ashldi3</name>
         <value>0x6cb9</value>
         <object_component_ref idref="oc-2d1"/>
      </symbol>
      <symbol id="sm-456">
         <name>__ledf2</name>
         <value>0x6175</value>
         <object_component_ref idref="oc-27c"/>
      </symbol>
      <symbol id="sm-457">
         <name>__gedf2</name>
         <value>0x6099</value>
         <object_component_ref idref="oc-282"/>
      </symbol>
      <symbol id="sm-458">
         <name>__cmpdf2</name>
         <value>0x6175</value>
         <object_component_ref idref="oc-27c"/>
      </symbol>
      <symbol id="sm-459">
         <name>__eqdf2</name>
         <value>0x6175</value>
         <object_component_ref idref="oc-27c"/>
      </symbol>
      <symbol id="sm-45a">
         <name>__ltdf2</name>
         <value>0x6175</value>
         <object_component_ref idref="oc-27c"/>
      </symbol>
      <symbol id="sm-45b">
         <name>__nedf2</name>
         <value>0x6175</value>
         <object_component_ref idref="oc-27c"/>
      </symbol>
      <symbol id="sm-45c">
         <name>__gtdf2</name>
         <value>0x6099</value>
         <object_component_ref idref="oc-282"/>
      </symbol>
      <symbol id="sm-465">
         <name>__divmoddi4</name>
         <value>0x6853</value>
         <object_component_ref idref="oc-273"/>
      </symbol>
      <symbol id="sm-471">
         <name>__aeabi_idiv0</name>
         <value>0x5a43</value>
         <object_component_ref idref="oc-215"/>
      </symbol>
      <symbol id="sm-472">
         <name>__aeabi_ldiv0</name>
         <value>0x5b7b</value>
         <object_component_ref idref="oc-2d0"/>
      </symbol>
      <symbol id="sm-48b">
         <name>memcpy</name>
         <value>0x5ae1</value>
         <object_component_ref idref="oc-91"/>
      </symbol>
      <symbol id="sm-49a">
         <name>memset</name>
         <value>0x63d7</value>
         <object_component_ref idref="oc-cc"/>
      </symbol>
      <symbol id="sm-49c">
         <name>__TI_static_base__</name>
         <value>0x0</value>
      </symbol>
      <symbol id="sm-4a0">
         <name>__mpu_init</name>
         <value>0x0</value>
      </symbol>
      <symbol id="sm-4a1">
         <name>_system_post_cinit</name>
         <value>0x0</value>
      </symbol>
   </symbol_table>
   <title>Link successful</title>
</link_info>
